Component: ARM Compiler 5.06 update 5 (build 528) Tool: armlink [4d35e2]

==============================================================================

Section Cross References

    startup_stm32f427xx.o(RESET) refers to startup_stm32f427xx.o(STACK) for __initial_sp
    startup_stm32f427xx.o(RESET) refers to startup_stm32f427xx.o(.text) for Reset_Handler
    startup_stm32f427xx.o(RESET) refers to stm32f4xx_it.o(i.NMI_Handler) for NMI_Handler
    startup_stm32f427xx.o(RESET) refers to stm32f4xx_it.o(i.HardFault_Handler) for HardFault_Handler
    startup_stm32f427xx.o(RESET) refers to stm32f4xx_it.o(i.MemManage_Handler) for MemManage_Handler
    startup_stm32f427xx.o(RESET) refers to stm32f4xx_it.o(i.BusFault_Handler) for BusFault_Handler
    startup_stm32f427xx.o(RESET) refers to stm32f4xx_it.o(i.UsageFault_Handler) for UsageFault_Handler
    startup_stm32f427xx.o(RESET) refers to port.o(.emb_text) for SVC_Handler
    startup_stm32f427xx.o(RESET) refers to stm32f4xx_it.o(i.DebugMon_Handler) for DebugMon_Handler
    startup_stm32f427xx.o(RESET) refers to port.o(i.SysTick_Handler) for SysTick_Handler
    startup_stm32f427xx.o(RESET) refers to stm32f4xx_it.o(i.DMA1_Stream1_IRQHandler) for DMA1_Stream1_IRQHandler
    startup_stm32f427xx.o(RESET) refers to stm32f4xx_it.o(i.DMA1_Stream3_IRQHandler) for DMA1_Stream3_IRQHandler
    startup_stm32f427xx.o(RESET) refers to stm32f4xx_it.o(i.DMA1_Stream6_IRQHandler) for DMA1_Stream6_IRQHandler
    startup_stm32f427xx.o(RESET) refers to stm32f4xx_it.o(i.CAN1_RX0_IRQHandler) for CAN1_RX0_IRQHandler
    startup_stm32f427xx.o(RESET) refers to stm32f4xx_it.o(i.CAN1_RX1_IRQHandler) for CAN1_RX1_IRQHandler
    startup_stm32f427xx.o(RESET) refers to remote_task.o(i.USART1_IRQHandler) for USART1_IRQHandler
    startup_stm32f427xx.o(RESET) refers to stm32f4xx_it.o(i.TIM6_DAC_IRQHandler) for TIM6_DAC_IRQHandler
    startup_stm32f427xx.o(RESET) refers to stm32f4xx_it.o(i.TIM7_IRQHandler) for TIM7_IRQHandler
    startup_stm32f427xx.o(RESET) refers to stm32f4xx_it.o(i.DMA2_Stream2_IRQHandler) for DMA2_Stream2_IRQHandler
    startup_stm32f427xx.o(RESET) refers to stm32f4xx_it.o(i.CAN2_RX0_IRQHandler) for CAN2_RX0_IRQHandler
    startup_stm32f427xx.o(RESET) refers to stm32f4xx_it.o(i.CAN2_RX1_IRQHandler) for CAN2_RX1_IRQHandler
    startup_stm32f427xx.o(RESET) refers to stm32f4xx_it.o(i.USART6_IRQHandler) for USART6_IRQHandler
    startup_stm32f427xx.o(RESET) refers to stm32f4xx_it.o(i.UART7_IRQHandler) for UART7_IRQHandler
    startup_stm32f427xx.o(RESET) refers to stm32f4xx_it.o(i.UART8_IRQHandler) for UART8_IRQHandler
    startup_stm32f427xx.o(.text) refers to system_stm32f4xx.o(i.SystemInit) for SystemInit
    startup_stm32f427xx.o(.text) refers to entry.o(.ARM.Collect$$$$00000000) for __main
    bsp_rc.o(i.RC_init) refers to usart.o(.bss) for huart1
    bsp_rc.o(i.RC_restart) refers to usart.o(.bss) for huart1
    pid.o(i.PID_Calc_Ecd) refers to pid.o(i.ecd_zero) for ecd_zero
    can_recive.o(i.CAN_cmd_Lift) refers to stm32f4xx_hal_can.o(i.HAL_CAN_AddTxMessage) for HAL_CAN_AddTxMessage
    can_recive.o(i.CAN_cmd_Lift) refers to can_recive.o(.bss) for .bss
    can_recive.o(i.CAN_cmd_Lift) refers to can_recive.o(.data) for .data
    can_recive.o(i.CAN_cmd_Lift) refers to can.o(.bss) for hcan1
    can_recive.o(i.CAN_cmd_chassis) refers to stm32f4xx_hal_can.o(i.HAL_CAN_AddTxMessage) for HAL_CAN_AddTxMessage
    can_recive.o(i.CAN_cmd_chassis) refers to can_recive.o(.bss) for .bss
    can_recive.o(i.CAN_cmd_chassis) refers to can_recive.o(.data) for .data
    can_recive.o(i.CAN_cmd_chassis) refers to can.o(.bss) for hcan1
    can_recive.o(i.CAN_cmd_gimbal) refers to stm32f4xx_hal_can.o(i.HAL_CAN_AddTxMessage) for HAL_CAN_AddTxMessage
    can_recive.o(i.CAN_cmd_gimbal) refers to can_recive.o(.bss) for .bss
    can_recive.o(i.CAN_cmd_gimbal) refers to can_recive.o(.data) for .data
    can_recive.o(i.CAN_cmd_gimbal) refers to can.o(.bss) for hcan2
    can_recive.o(i.C_yaw_caculate) refers to can_recive.o(.data) for .data
    can_recive.o(i.Cha_Get_Motor_Data) refers to can_recive.o(.bss) for .bss
    can_recive.o(i.Gim_Get_Motor_Data) refers to can_recive.o(.bss) for .bss
    can_recive.o(i.HAL_CAN_RxFifo0MsgPendingCallback) refers to stm32f4xx_hal_can.o(i.HAL_CAN_GetRxMessage) for HAL_CAN_GetRxMessage
    can_recive.o(i.HAL_CAN_RxFifo0MsgPendingCallback) refers to can_recive.o(i.Cha_Get_Motor_Data) for Cha_Get_Motor_Data
    can_recive.o(i.HAL_CAN_RxFifo0MsgPendingCallback) refers to can_recive.o(i.Lift_Get_Motor_Data) for Lift_Get_Motor_Data
    can_recive.o(i.HAL_CAN_RxFifo0MsgPendingCallback) refers to can_recive.o(i.Gim_Get_Motor_Data) for Gim_Get_Motor_Data
    can_recive.o(i.HAL_CAN_RxFifo0MsgPendingCallback) refers to can_recive.o(.data) for .data
    can_recive.o(i.HAL_CAN_RxFifo0MsgPendingCallback) refers to can.o(.bss) for hcan1
    can_recive.o(i.HAL_CAN_RxFifo0MsgPendingCallback) refers to can_recive.o(.bss) for .bss
[...]
    _main_clock                              0x080001b5   Thumb Code     0  entry7b.o(.ARM.Collect$$$$00000008)
    _main_cpp_init                           0x080001b5   Thumb Code     0  entry8b.o(.ARM.Collect$$$$0000000A)
    _main_init                               0x080001b5   Thumb Code     0  entry9a.o(.ARM.Collect$$$$0000000B)
    __rt_final_cpp                           0x080001bd   Thumb Code     0  entry10a.o(.ARM.Collect$$$$0000000D)
    __rt_final_exit                          0x080001bd   Thumb Code     0  entry11a.o(.ARM.Collect$$$$0000000F)
    SVC_Handler                              0x080001c1   Thumb Code    28  port.o(.emb_text)
    __asm___6_port_c_39a90d8d__prvStartFirstTask 0x080001e1   Thumb Code    36  port.o(.emb_text)
    __asm___6_port_c_39a90d8d__prvEnableVFP  0x08000209   Thumb Code    16  port.o(.emb_text)
    PendSV_Handler                           0x0800021d   Thumb Code    88  port.o(.emb_text)
    vPortGetIPSR                             0x08000279   Thumb Code     6  port.o(.emb_text)
    Reset_Handler                            0x08000281   Thumb Code     8  startup_stm32f427xx.o(.text)
    ADC_IRQHandler                           0x0800029b   Thumb Code     0  startup_stm32f427xx.o(.text)
    CAN1_SCE_IRQHandler                      0x0800029b   Thumb Code     0  startup_stm32f427xx.o(.text)
    CAN1_TX_IRQHandler                       0x0800029b   Thumb Code     0  startup_stm32f427xx.o(.text)
    CAN2_SCE_IRQHandler                      0x0800029b   Thumb Code     0  startup_stm32f427xx.o(.text)
    CAN2_TX_IRQHandler                       0x0800029b   Thumb Code     0  startup_stm32f427xx.o(.text)
    DCMI_IRQHandler                          0x0800029b   Thumb Code     0  startup_stm32f427xx.o(.text)
    DMA1_Stream0_IRQHandler                  0x0800029b   Thumb Code     0  startup_stm32f427xx.o(.text)
    DMA1_Stream2_IRQHandler                  0x0800029b   Thumb Code     0  startup_stm32f427xx.o(.text)
    DMA1_Stream4_IRQHandler                  0x0800029b   Thumb Code     0  startup_stm32f427xx.o(.text)
    DMA1_Stream5_IRQHandler                  0x0800029b   Thumb Code     0  startup_stm32f427xx.o(.text)
    DMA1_Stream7_IRQHandler                  0x0800029b   Thumb Code     0  startup_stm32f427xx.o(.text)
    DMA2D_IRQHandler                         0x0800029b   Thumb Code     0  startup_stm32f427xx.o(.text)
    DMA2_Stream0_IRQHandler                  0x0800029b   Thumb Code     0  startup_stm32f427xx.o(.text)
    DMA2_Stream1_IRQHandler                  0x0800029b   Thumb Code     0  startup_stm32f427xx.o(.text)
    DMA2_Stream3_IRQHandler                  0x0800029b   Thumb Code     0  startup_stm32f427xx.o(.text)
    DMA2_Stream4_IRQHandler                  0x0800029b   Thumb Code     0  startup_stm32f427xx.o(.text)
    DMA2_Stream5_IRQHandler                  0x0800029b   Thumb Code     0  startup_stm32f427xx.o(.text)
    DMA2_Stream6_IRQHandler                  0x0800029b   Thumb Code     0  startup_stm32f427xx.o(.text)
    DMA2_Stream7_IRQHandler                  0x0800029b   Thumb Code     0  startup_stm32f427xx.o(.text)
    ETH_IRQHandler                           0x0800029b   Thumb Code     0  startup_stm32f427xx.o(.text)
    ETH_WKUP_IRQHandler                      0x0800029b   Thumb Code     0  startup_stm32f427xx.o(.text)
    EXTI0_IRQHandler                         0x0800029b   Thumb Code     0  startup_stm32f427xx.o(.text)
    EXTI15_10_IRQHandler                     0x0800029b   Thumb Code     0  startup_stm32f427xx.o(.text)
    EXTI1_IRQHandler                         0x0800029b   Thumb Code     0  startup_stm32f427xx.o(.text)
    EXTI2_IRQHandler                         0x0800029b   Thumb Code     0  startup_stm32f427xx.o(.text)
    EXTI3_IRQHandler                         0x0800029b   Thumb Code     0  startup_stm32f427xx.o(.text)
    EXTI4_IRQHandler                         0x0800029b   Thumb Code     0  startup_stm32f427xx.o(.text)
    EXTI9_5_IRQHandler                       0x0800029b   Thumb Code     0  startup_stm32f427xx.o(.text)
    FLASH_IRQHandler                         0x0800029b   Thumb Code     0  startup_stm32f427xx.o(.text)
    FMC_IRQHandler                           0x0800029b   Thumb Code     0  startup_stm32f427xx.o(.text)
    FPU_IRQHandler                           0x0800029b   Thumb Code     0  startup_stm32f427xx.o(.text)
    HASH_RNG_IRQHandler                      0x0800029b   Thumb Code     0  startup_stm32f427xx.o(.text)
    I2C1_ER_IRQHandler                       0x0800029b   Thumb Code     0  startup_stm32f427xx.o(.text)
    I2C1_EV_IRQHandler                       0x0800029b   Thumb Code     0  startup_stm32f427xx.o(.text)
    I2C2_ER_IRQHandler                       0x0800029b   Thumb Code     0  startup_stm32f427xx.o(.text)
    I2C2_EV_IRQHandler                       0x0800029b   Thumb Code     0  startup_stm32f427xx.o(.text)
    I2C3_ER_IRQHandler                       0x0800029b   Thumb Code     0  startup_stm32f427xx.o(.text)
    I2C3_EV_IRQHandler                       0x0800029b   Thumb Code     0  startup_stm32f427xx.o(.text)
    OTG_FS_IRQHandler                        0x0800029b   Thumb Code     0  startup_stm32f427xx.o(.text)
    OTG_FS_WKUP_IRQHandler                   0x0800029b   Thumb Code     0  startup_stm32f427xx.o(.text)
    OTG_HS_EP1_IN_IRQHandler                 0x0800029b   Thumb Code     0  startup_stm32f427xx.o(.text)
    OTG_HS_EP1_OUT_IRQHandler                0x0800029b   Thumb Code     0  startup_stm32f427xx.o(.text)
    OTG_HS_IRQHandler                        0x0800029b   Thumb Code     0  startup_stm32f427xx.o(.text)
    OTG_HS_WKUP_IRQHandler                   0x0800029b   Thumb Code     0  startup_stm32f427xx.o(.text)
    PVD_IRQHandler                           0x0800029b   Thumb Code     0  startup_stm32f427xx.o(.text)
    RCC_IRQHandler                           0x0800029b   Thumb Code     0  startup_stm32f427xx.o(.text)
    RTC_Alarm_IRQHandler                     0x0800029b   Thumb Code     0  startup_stm32f427xx.o(.text)
    RTC_WKUP_IRQHandler                      0x0800029b   Thumb Code     0  startup_stm32f427xx.o(.text)
    SAI1_IRQHandler                          0x0800029b   Thumb Code     0  startup_stm32f427xx.o(.text)
    SDIO_IRQHandler                          0x0800029b   Thumb Code     0  startup_stm32f427xx.o(.text)
    SPI1_IRQHandler                          0x0800029b   Thumb Code     0  startup_stm32f427xx.o(.text)
    SPI2_IRQHandler                          0x0800029b   Thumb Code     0  startup_stm32f427xx.o(.text)
    SPI3_IRQHandler                          0x0800029b   Thumb Code     0  startup_stm32f427xx.o(.text)
    SPI4_IRQHandler                          0x0800029b   Thumb Code     0  startup_stm32f427xx.o(.text)
    SPI5_IRQHandler                          0x0800029b   Thumb Code     0  startup_stm32f427xx.o(.text)
    SPI6_IRQHandler                          0x0800029b   Thumb Code     0  startup_stm32f427xx.o(.text)
    TAMP_STAMP_IRQHandler                    0x0800029b   Thumb Code     0  startup_stm32f427xx.o(.text)
    TIM1_BRK_TIM9_IRQHandler                 0x0800029b   Thumb Code     0  startup_stm32f427xx.o(.text)
    TIM1_CC_IRQHandler                       0x0800029b   Thumb Code     0  startup_stm32f427xx.o(.text)
    TIM1_TRG_COM_TIM11_IRQHandler            0x0800029b   Thumb Code     0  startup_stm32f427xx.o(.text)
    TIM1_UP_TIM10_IRQHandler                 0x0800029b   Thumb Code     0  startup_stm32f427xx.o(.text)
    TIM2_IRQHandler                          0x0800029b   Thumb Code     0  startup_stm32f427xx.o(.text)
    TIM3_IRQHandler                          0x0800029b   Thumb Code     0  startup_stm32f427xx.o(.text)
    TIM4_IRQHandler                          0x0800029b   Thumb Code     0  startup_stm32f427xx.o(.text)
    TIM5_IRQHandler                          0x0800029b   Thumb Code     0  startup_stm32f427xx.o(.text)
    TIM8_BRK_TIM12_IRQHandler                0x0800029b   Thumb Code     0  startup_stm32f427xx.o(.text)
    TIM8_CC_IRQHandler                       0x0800029b   Thumb Code     0  startup_stm32f427xx.o(.text)
    TIM8_TRG_COM_TIM14_IRQHandler            0x0800029b   Thumb Code     0  startup_stm32f427xx.o(.text)
    TIM8_UP_TIM13_IRQHandler                 0x0800029b   Thumb Code     0  startup_stm32f427xx.o(.text)
    UART4_IRQHandler                         0x0800029b   Thumb Code     0  startup_stm32f427xx.o(.text)
    UART5_IRQHandler                         0x0800029b   Thumb Code     0  startup_stm32f427xx.o(.text)
    USART2_IRQHandler                        0x0800029b   Thumb Code     0  startup_stm32f427xx.o(.text)
    USART3_IRQHandler                        0x0800029b   Thumb Code     0  startup_stm32f427xx.o(.text)
    WWDG_IRQHandler                          0x0800029b   Thumb Code     0  startup_stm32f427xx.o(.text)
    __aeabi_uldivmod                         0x080002a5   Thumb Code    98  uldiv.o(.text)
    __aeabi_memcpy                           0x08000307   Thumb Code    36  memcpya.o(.text)
    __aeabi_memcpy4                          0x08000307   Thumb Code     0  memcpya.o(.text)
    __aeabi_memcpy8                          0x08000307   Thumb Code     0  memcpya.o(.text)
    __aeabi_memset                           0x0800032b   Thumb Code    14  memseta.o(.text)
    __aeabi_memset4                          0x0800032b   Thumb Code     0  memseta.o(.text)
    __aeabi_memset8                          0x0800032b   Thumb Code     0  memseta.o(.text)
    __aeabi_memclr                           0x08000339   Thumb Code     4  memseta.o(.text)
    __aeabi_memclr4                          0x08000339   Thumb Code     0  memseta.o(.text)
    __aeabi_memclr8                          0x08000339   Thumb Code     0  memseta.o(.text)
    memset                                   0x0800033d   Thumb Code    18  memseta.o(.text)
    __aeabi_dadd                             0x0800034f   Thumb Code   322  dadd.o(.text)
    __aeabi_dsub                             0x08000491   Thumb Code     6  dadd.o(.text)
    __aeabi_drsub                            0x08000497   Thumb Code     6  dadd.o(.text)
    __aeabi_dmul                             0x0800049d   Thumb Code   228  dmul.o(.text)
    __aeabi_ddiv                             0x08000581   Thumb Code   222  ddiv.o(.text)
    __aeabi_i2d                              0x0800065f   Thumb Code    34  dflti.o(.text)
    __aeabi_f2d                              0x08000681   Thumb Code    38  f2d.o(.text)
    __aeabi_cdcmpeq                          0x080006a9   Thumb Code     0  cdcmple.o(.text)
    __aeabi_cdcmple                          0x080006a9   Thumb Code    48  cdcmple.o(.text)
    __aeabi_cdrcmple                         0x080006d9   Thumb Code    48  cdrcmple.o(.text)
    __aeabi_d2f                              0x08000709   Thumb Code    56  d2f.o(.text)
    __aeabi_llsl                             0x08000741   Thumb Code    30  llshl.o(.text)
    _ll_shift_l                              0x08000741   Thumb Code     0  llshl.o(.text)
    __aeabi_llsr                             0x0800075f   Thumb Code    32  llushr.o(.text)
    _ll_ushift_r                             0x0800075f   Thumb Code     0  llushr.o(.text)
    __aeabi_lasr                             0x0800077f   Thumb Code    36  llsshr.o(.text)
    _ll_sshift_r                             0x0800077f   Thumb Code     0  llsshr.o(.text)
    __I$use$fp                               0x080007a3   Thumb Code     0  iusefp.o(.text)
    _float_round                             0x080007a3   Thumb Code    18  fepilogue.o(.text)
    _float_epilogue                          0x080007b5   Thumb Code    92  fepilogue.o(.text)
    _double_round                            0x08000811   Thumb Code    30  depilogue.o(.text)
    _double_epilogue                         0x0800082f   Thumb Code   156  depilogue.o(.text)
    __ARM_scalbn                             0x080008cb   Thumb Code    46  dscalb.o(.text)
    scalbn                                   0x080008cb   Thumb Code     0  dscalb.o(.text)
    _dsqrt                                   0x080008f9   Thumb Code   162  dsqrt.o(.text)
    __scatterload                            0x0800099d   Thumb Code    28  init.o(.text)
    __scatterload_rt2                        0x0800099d   Thumb Code     0  init.o(.text)
    __aeabi_ui2d                             0x080009c1   Thumb Code    26  dfltui.o(.text)
    __aeabi_d2iz                             0x080009db   Thumb Code    62  dfixi.o(.text)
    __decompress                             0x08000a19   Thumb Code     0  __dczerorl.o(.text)
    __decompress0                            0x08000a19   Thumb Code    58  __dczerorl.o(.text)
    AGV_Angle_calc                           0x08000a55   Thumb Code   718  chassis_task.o(i.AGV_Angle_calc)
    AGV_Speed_calc                           0x08000d61   Thumb Code   572  chassis_task.o(i.AGV_Speed_calc)
    Angle_Limit                              0x08000fad   Thumb Code    30  filter.o(i.Angle_Limit)
    BusFault_Handler                         0x08000fcb   Thumb Code     2  stm32f4xx_it.o(i.BusFault_Handler)
    CAN1_RX0_IRQHandler                      0x08000fcd   Thumb Code     6  stm32f4xx_it.o(i.CAN1_RX0_IRQHandler)
    CAN1_RX1_IRQHandler                      0x08000fd9   Thumb Code     6  stm32f4xx_it.o(i.CAN1_RX1_IRQHandler)
    CAN2_RX0_IRQHandler                      0x08000fe5   Thumb Code     6  stm32f4xx_it.o(i.CAN2_RX0_IRQHandler)
    CAN2_RX1_IRQHandler                      0x08000ff1   Thumb Code     6  stm32f4xx_it.o(i.CAN2_RX1_IRQHandler)
    CAN_cmd_chassis                          0x08000ffd   Thumb Code    60  can_recive.o(i.CAN_cmd_chassis)
    CAN_cmd_gimbal                           0x08001045   Thumb Code    60  can_recive.o(i.CAN_cmd_gimbal)
    C_yaw_caculate                           0x0800108d   Thumb Code   372  can_recive.o(i.C_yaw_caculate)
    Cha_Get_Motor_Data                       0x08001215   Thumb Code    56  can_recive.o(i.Cha_Get_Motor_Data)
    Chassis_mode_change                      0x08001251   Thumb Code    84  chassis_task.o(i.Chassis_mode_change)
    DMA1_Stream1_IRQHandler                  0x080012e1   Thumb Code     6  stm32f4xx_it.o(i.DMA1_Stream1_IRQHandler)
    DMA1_Stream3_IRQHandler                  0x080012ed   Thumb Code     6  stm32f4xx_it.o(i.DMA1_Stream3_IRQHandler)
    DMA1_Stream6_IRQHandler                  0x080012f9   Thumb Code     6  stm32f4xx_it.o(i.DMA1_Stream6_IRQHandler)
    DMA2_Stream2_IRQHandler                  0x08001305   Thumb Code     6  stm32f4xx_it.o(i.DMA2_Stream2_IRQHandler)
    DebugMon_Handler                         0x080013df   Thumb Code     2  stm32f4xx_it.o(i.DebugMon_Handler)
    Error_Handler                            0x080013e1   Thumb Code     4  main.o(i.Error_Handler)
    Find_min_Angle                           0x080013e5   Thumb Code   102  chassis_task.o(i.Find_min_Angle)
    Gim_Get_Motor_Data                       0x0800145d   Thumb Code    56  can_recive.o(i.Gim_Get_Motor_Data)
    HAL_CAN_ActivateNotification             0x08001499   Thumb Code    36  stm32f4xx_hal_can.o(i.HAL_CAN_ActivateNotification)
    HAL_CAN_AddTxMessage                     0x080014bd   Thumb Code   242  stm32f4xx_hal_can.o(i.HAL_CAN_AddTxMessage)
    HAL_CAN_ConfigFilter                     0x080015b1   Thumb Code   266  stm32f4xx_hal_can.o(i.HAL_CAN_ConfigFilter)
    HAL_CAN_ErrorCallback                    0x080016c1   Thumb Code     2  stm32f4xx_hal_can.o(i.HAL_CAN_ErrorCallback)
    HAL_CAN_GetRxMessage                     0x080016c3   Thumb Code   262  stm32f4xx_hal_can.o(i.HAL_CAN_GetRxMessage)
    HAL_CAN_IRQHandler                       0x080017c9   Thumb Code   508  stm32f4xx_hal_can.o(i.HAL_CAN_IRQHandler)
    HAL_CAN_Init                             0x080019c5   Thumb Code   338  stm32f4xx_hal_can.o(i.HAL_CAN_Init)
    HAL_CAN_MspInit                          0x08001b19   Thumb Code   264  can.o(i.HAL_CAN_MspInit)
    HAL_CAN_RxFifo0FullCallback              0x08001c39   Thumb Code     2  stm32f4xx_hal_can.o(i.HAL_CAN_RxFifo0FullCallback)
    HAL_CAN_RxFifo0MsgPendingCallback        0x08001c3d   Thumb Code   210  can_recive.o(i.HAL_CAN_RxFifo0MsgPendingCallback)
    HAL_CAN_RxFifo1FullCallback              0x08001d29   Thumb Code     2  stm32f4xx_hal_can.o(i.HAL_CAN_RxFifo1FullCallback)
    HAL_CAN_RxFifo1MsgPendingCallback        0x08001d2b   Thumb Code     2  stm32f4xx_hal_can.o(i.HAL_CAN_RxFifo1MsgPendingCallback)
    HAL_CAN_SleepCallback                    0x08001d2d   Thumb Code     2  stm32f4xx_hal_can.o(i.HAL_CAN_SleepCallback)
    HAL_CAN_Start                            0x08001d2f   Thumb Code    88  stm32f4xx_hal_can.o(i.HAL_CAN_Start)
    HAL_CAN_TxMailbox0AbortCallback          0x08001d87   Thumb Code     2  stm32f4xx_hal_can.o(i.HAL_CAN_TxMailbox0AbortCallback)
    HAL_CAN_TxMailbox0CompleteCallback       0x08001d89   Thumb Code     2  stm32f4xx_hal_can.o(i.HAL_CAN_TxMailbox0CompleteCallback)
    HAL_CAN_TxMailbox1AbortCallback          0x08001d8b   Thumb Code     2  stm32f4xx_hal_can.o(i.HAL_CAN_TxMailbox1AbortCallback)
    HAL_CAN_TxMailbox1CompleteCallback       0x08001d8d   Thumb Code     2  stm32f4xx_hal_can.o(i.HAL_CAN_TxMailbox1CompleteCallback)
    HAL_CAN_TxMailbox2AbortCallback          0x08001d8f   Thumb Code     2  stm32f4xx_hal_can.o(i.HAL_CAN_TxMailbox2AbortCallback)
    HAL_CAN_TxMailbox2CompleteCallback       0x08001d91   Thumb Code     2  stm32f4xx_hal_can.o(i.HAL_CAN_TxMailbox2CompleteCallback)
    HAL_CAN_WakeUpFromRxMsgCallback          0x08001d93   Thumb Code     2  stm32f4xx_hal_can.o(i.HAL_CAN_WakeUpFromRxMsgCallback)
    HAL_DMA_Abort                            0x08001d95   Thumb Code   142  stm32f4xx_hal_dma.o(i.HAL_DMA_Abort)
    HAL_DMA_Abort_IT                         0x08001e23   Thumb Code    36  stm32f4xx_hal_dma.o(i.HAL_DMA_Abort_IT)
    HAL_DMA_IRQHandler                       0x08001e49   Thumb Code   460  stm32f4xx_hal_dma.o(i.HAL_DMA_IRQHandler)
    HAL_DMA_Init                             0x08002019   Thumb Code   208  stm32f4xx_hal_dma.o(i.HAL_DMA_Init)
    HAL_DMA_Start_IT                         0x080020ed   Thumb Code   110  stm32f4xx_hal_dma.o(i.HAL_DMA_Start_IT)
    HAL_Delay                                0x0800215d   Thumb Code    32  stm32f4xx_hal.o(i.HAL_Delay)
    HAL_GPIO_Init                            0x08002181   Thumb Code   440  stm32f4xx_hal_gpio.o(i.HAL_GPIO_Init)
    HAL_GPIO_WritePin                        0x0800236d   Thumb Code    14  stm32f4xx_hal_gpio.o(i.HAL_GPIO_WritePin)
    HAL_GetTick                              0x0800237d   Thumb Code     6  stm32f4xx_hal.o(i.HAL_GetTick)
    HAL_IncTick                              0x08002389   Thumb Code    12  stm32f4xx_hal.o(i.HAL_IncTick)
    HAL_Init                                 0x08002399   Thumb Code    48  stm32f4xx_hal.o(i.HAL_Init)
    HAL_InitTick                             0x080023cd   Thumb Code   132  stm32f4xx_hal_timebase_tim.o(i.HAL_InitTick)
    HAL_MspInit                              0x08002465   Thumb Code    52  stm32f4xx_hal_msp.o(i.HAL_MspInit)
    HAL_NVIC_EnableIRQ                       0x0800249d   Thumb Code    26  stm32f4xx_hal_cortex.o(i.HAL_NVIC_EnableIRQ)
    HAL_NVIC_SetPriority                     0x080024b9   Thumb Code    60  stm32f4xx_hal_cortex.o(i.HAL_NVIC_SetPriority)
    HAL_NVIC_SetPriorityGrouping             0x080024f9   Thumb Code    26  stm32f4xx_hal_cortex.o(i.HAL_NVIC_SetPriorityGrouping)
    HAL_RCC_ClockConfig                      0x0800251d   Thumb Code   310  stm32f4xx_hal_rcc.o(i.HAL_RCC_ClockConfig)
    HAL_RCC_GetClockConfig                   0x08002669   Thumb Code    52  stm32f4xx_hal_rcc.o(i.HAL_RCC_GetClockConfig)
    HAL_RCC_GetHCLKFreq                      0x080026a5   Thumb Code     6  stm32f4xx_hal_rcc.o(i.HAL_RCC_GetHCLKFreq)
    HAL_RCC_GetPCLK1Freq                     0x080026b1   Thumb Code    22  stm32f4xx_hal_rcc.o(i.HAL_RCC_GetPCLK1Freq)
    HAL_RCC_GetPCLK2Freq                     0x080026d1   Thumb Code    22  stm32f4xx_hal_rcc.o(i.HAL_RCC_GetPCLK2Freq)
    HAL_RCC_GetSysClockFreq                  0x080026f1   Thumb Code    94  stm32f4xx_hal_rcc.o(i.HAL_RCC_GetSysClockFreq)
    HAL_RCC_OscConfig                        0x0800275d   Thumb Code   942  stm32f4xx_hal_rcc.o(i.HAL_RCC_OscConfig)
    HAL_SPI_Init                             0x08002b1d   Thumb Code   190  stm32f4xx_hal_spi.o(i.HAL_SPI_Init)
    HAL_SPI_MspInit                          0x08002bdd   Thumb Code    94  spi.o(i.HAL_SPI_MspInit)
    HAL_SPI_TransmitReceive                  0x08002c49   Thumb Code   484  stm32f4xx_hal_spi.o(i.HAL_SPI_TransmitReceive)
    HAL_TIMEx_BreakCallback                  0x08002e2d   Thumb Code     2  stm32f4xx_hal_tim_ex.o(i.HAL_TIMEx_BreakCallback)
    HAL_TIMEx_CommutCallback                 0x08002e2f   Thumb Code     2  stm32f4xx_hal_tim_ex.o(i.HAL_TIMEx_CommutCallback)
    HAL_TIMEx_ConfigBreakDeadTime            0x08002e31   Thumb Code    84  stm32f4xx_hal_tim_ex.o(i.HAL_TIMEx_ConfigBreakDeadTime)
    HAL_TIMEx_MasterConfigSynchronization    0x08002e85   Thumb Code   114  stm32f4xx_hal_tim_ex.o(i.HAL_TIMEx_MasterConfigSynchronization)
    HAL_TIM_Base_Init                        0x08002f15   Thumb Code    74  stm32f4xx_hal_tim.o(i.HAL_TIM_Base_Init)
    HAL_TIM_Base_MspInit                     0x08002f61   Thumb Code   124  tim.o(i.HAL_TIM_Base_MspInit)
    HAL_TIM_Base_Start_IT                    0x08002fed   Thumb Code   110  stm32f4xx_hal_tim.o(i.HAL_TIM_Base_Start_IT)
    HAL_TIM_ConfigClockSource                0x08003079   Thumb Code   232  stm32f4xx_hal_tim.o(i.HAL_TIM_ConfigClockSource)
    HAL_TIM_IC_CaptureCallback               0x08003161   Thumb Code     2  stm32f4xx_hal_tim.o(i.HAL_TIM_IC_CaptureCallback)
    HAL_TIM_IRQHandler                       0x08003163   Thumb Code   366  stm32f4xx_hal_tim.o(i.HAL_TIM_IRQHandler)
    HAL_TIM_MspPostInit                      0x080032d1   Thumb Code   160  tim.o(i.HAL_TIM_MspPostInit)
    HAL_TIM_OC_DelayElapsedCallback          0x08003389   Thumb Code     2  stm32f4xx_hal_tim.o(i.HAL_TIM_OC_DelayElapsedCallback)
    HAL_TIM_PWM_ConfigChannel                0x0800338b   Thumb Code   216  stm32f4xx_hal_tim.o(i.HAL_TIM_PWM_ConfigChannel)
    HAL_TIM_PWM_Init                         0x08003463   Thumb Code    74  stm32f4xx_hal_tim.o(i.HAL_TIM_PWM_Init)
    HAL_TIM_PWM_MspInit                      0x080034ad   Thumb Code     2  stm32f4xx_hal_tim.o(i.HAL_TIM_PWM_MspInit)
    HAL_TIM_PWM_PulseFinishedCallback        0x080034af   Thumb Code     2  stm32f4xx_hal_tim.o(i.HAL_TIM_PWM_PulseFinishedCallback)
    HAL_TIM_PWM_Start                        0x080034b1   Thumb Code   190  stm32f4xx_hal_tim.o(i.HAL_TIM_PWM_Start)
    HAL_TIM_PeriodElapsedCallback            0x0800358d   Thumb Code    14  main.o(i.HAL_TIM_PeriodElapsedCallback)
    HAL_TIM_TriggerCallback                  0x080035a1   Thumb Code     2  stm32f4xx_hal_tim.o(i.HAL_TIM_TriggerCallback)
    HAL_UARTEx_RxEventCallback               0x080035a3   Thumb Code     2  stm32f4xx_hal_uart.o(i.HAL_UARTEx_RxEventCallback)
    HAL_UART_ErrorCallback                   0x080035a5   Thumb Code     2  stm32f4xx_hal_uart.o(i.HAL_UART_ErrorCallback)
    HAL_UART_IRQHandler                      0x080035a9   Thumb Code   546  stm32f4xx_hal_uart.o(i.HAL_UART_IRQHandler)
    HAL_UART_Init                            0x080037d1   Thumb Code   100  stm32f4xx_hal_uart.o(i.HAL_UART_Init)
    HAL_UART_MspInit                         0x08003835   Thumb Code   580  usart.o(i.HAL_UART_MspInit)
    HAL_UART_Receive_IT                      0x08003aa9   Thumb Code    46  stm32f4xx_hal_uart.o(i.HAL_UART_Receive_IT)
    HAL_UART_RxCpltCallback                  0x08003ad9   Thumb Code   114  can_recive.o(i.HAL_UART_RxCpltCallback)
    HAL_UART_RxHalfCpltCallback              0x08003b59   Thumb Code     2  stm32f4xx_hal_uart.o(i.HAL_UART_RxHalfCpltCallback)
    HAL_UART_TxCpltCallback                  0x08003b5b   Thumb Code     2  stm32f4xx_hal_uart.o(i.HAL_UART_TxCpltCallback)
    HardFault_Handler                        0x08003b5d   Thumb Code     2  stm32f4xx_it.o(i.HardFault_Handler)
    Lift_Get_Motor_Data                      0x08003b61   Thumb Code    42  can_recive.o(i.Lift_Get_Motor_Data)
    MX_CAN1_Init                             0x08003b91   Thumb Code    60  can.o(i.MX_CAN1_Init)
    MX_CAN2_Init                             0x08003bd5   Thumb Code    60  can.o(i.MX_CAN2_Init)
    MX_DMA_Init                              0x08003c19   Thumb Code   104  dma.o(i.MX_DMA_Init)
    MX_FREERTOS_Init                         0x08003c85   Thumb Code    30  freertos.o(i.MX_FREERTOS_Init)
    MX_GPIO_Init                             0x08003cad   Thumb Code   180  gpio.o(i.MX_GPIO_Init)
    MX_SPI5_Init                             0x08003d69   Thumb Code    62  spi.o(i.MX_SPI5_Init)
    MX_TIM1_Init                             0x08003db1   Thumb Code   192  tim.o(i.MX_TIM1_Init)
    MX_TIM2_Init                             0x08003e79   Thumb Code   194  tim.o(i.MX_TIM2_Init)
    MX_TIM7_Init                             0x08003f41   Thumb Code    60  tim.o(i.MX_TIM7_Init)
    MX_TIM8_Init                             0x08003f85   Thumb Code   240  tim.o(i.MX_TIM8_Init)
    MX_UART7_Init                            0x0800407d   Thumb Code    48  usart.o(i.MX_UART7_Init)
    MX_UART8_Init                            0x080040b5   Thumb Code    48  usart.o(i.MX_UART8_Init)
    MX_USART1_UART_Init                      0x080040ed   Thumb Code    46  usart.o(i.MX_USART1_UART_Init)
    MX_USART6_UART_Init                      0x08004129   Thumb Code    48  usart.o(i.MX_USART6_UART_Init)
    MemManage_Handler                        0x08004161   Thumb Code     2  stm32f4xx_it.o(i.MemManage_Handler)
    NMI_Handler                              0x08004163   Thumb Code     2  stm32f4xx_it.o(i.NMI_Handler)
    PID_Calc_Ecd                             0x08004199   Thumb Code   384  pid.o(i.PID_Calc_Ecd)
    PID_calc                                 0x0800431d   Thumb Code   578  pid.o(i.PID_calc)
    PID_clear                                0x08004571   Thumb Code    58  pid.o(i.PID_clear)
    PID_init                                 0x080045b1   Thumb Code    88  pid.o(i.PID_init)
    RC_data_is_error                         0x08004619   Thumb Code   102  remote_task.o(i.RC_data_is_error)
    RC_init                                  0x08004685   Thumb Code    94  bsp_rc.o(i.RC_init)
    RC_restart                               0x080046f1   Thumb Code    52  bsp_rc.o(i.RC_restart)
    Remote_pid_caculate                      0x08004795   Thumb Code   166  chassis_task.o(i.Remote_pid_caculate)
    Robot_coordinate                         0x0800483d   Thumb Code   242  chassis_task.o(i.Robot_coordinate)
    Speed_Toggle                             0x08004a51   Thumb Code   128  chassis_task.o(i.Speed_Toggle)
    SysTick_Handler                          0x08004ae1   Thumb Code    38  port.o(i.SysTick_Handler)
    SystemClock_Config                       0x08004b0d   Thumb Code   140  main.o(i.SystemClock_Config)
    SystemInit                               0x08004ba1   Thumb Code    12  system_stm32f4xx.o(i.SystemInit)
    TIM6_DAC_IRQHandler                      0x08004bb1   Thumb Code     6  stm32f4xx_it.o(i.TIM6_DAC_IRQHandler)
    TIM7_IRQHandler                          0x08004bbd   Thumb Code     6  stm32f4xx_it.o(i.TIM7_IRQHandler)
    TIM_Base_SetConfig                       0x08004bc9   Thumb Code   160  stm32f4xx_hal_tim.o(i.TIM_Base_SetConfig)
    TIM_CCxChannelCmd                        0x08004c95   Thumb Code    26  stm32f4xx_hal_tim.o(i.TIM_CCxChannelCmd)
    TIM_ETR_SetConfig                        0x08004caf   Thumb Code    20  stm32f4xx_hal_tim.o(i.TIM_ETR_SetConfig)
    TIM_OC2_SetConfig                        0x08004d3d   Thumb Code   106  stm32f4xx_hal_tim.o(i.TIM_OC2_SetConfig)
    UART7_IRQHandler                         0x08004ebd   Thumb Code    16  stm32f4xx_it.o(i.UART7_IRQHandler)
    UART8_IRQHandler                         0x08004ed1   Thumb Code     6  stm32f4xx_it.o(i.UART8_IRQHandler)
    UART_IDLE_init                           0x08005059   Thumb Code    24  base_usart.o(i.UART_IDLE_init)
    UART_Start_Receive_DMA                   0x08005255   Thumb Code   138  stm32f4xx_hal_uart.o(i.UART_Start_Receive_DMA)
    UART_Start_Receive_IT                    0x080052ed   Thumb Code    60  stm32f4xx_hal_uart.o(i.UART_Start_Receive_IT)
    USART1_IRQHandler                        0x08005389   Thumb Code   182  remote_task.o(i.USART1_IRQHandler)
    USART6_IRQHandler                        0x08005459   Thumb Code     6  stm32f4xx_it.o(i.USART6_IRQHandler)
    UsageFault_Handler                       0x08005465   Thumb Code     2  stm32f4xx_it.o(i.UsageFault_Handler)
    __ARM_fpclassify                         0x08005467   Thumb Code    48  fpclassify.o(i.__ARM_fpclassify)
    __hardfp_asin                            0x080054b9   Thumb Code   770  asin.o(i.__hardfp_asin)
    __hardfp_atan                            0x08005819   Thumb Code   622  atan.o(i.__hardfp_atan)
    __hardfp_atan2                           0x08005af1   Thumb Code   432  atan2.o(i.__hardfp_atan2)
    __hardfp_cos                             0x08005ce1   Thumb Code   180  cos.o(i.__hardfp_cos)
    __hardfp_fabs                            0x08005da9   Thumb Code    20  fabs.o(i.__hardfp_fabs)
    __hardfp_pow                             0x08005dc1   Thumb Code  3072  pow.o(i.__hardfp_pow)
    __hardfp_sin                             0x08006a11   Thumb Code   180  sin.o(i.__hardfp_sin)
    __hardfp_sqrt                            0x08006ad9   Thumb Code   122  sqrt.o(i.__hardfp_sqrt)
    __ieee754_rem_pio2                       0x08006b59   Thumb Code   938  rred.o(i.__ieee754_rem_pio2)
    __kernel_cos                             0x08006f91   Thumb Code   322  cos_i.o(i.__kernel_cos)
    __kernel_poly                            0x08007101   Thumb Code   248  poly.o(i.__kernel_poly)
    __kernel_sin                             0x080071f9   Thumb Code   280  sin_i.o(i.__kernel_sin)
    __mathlib_dbl_divzero                    0x08007329   Thumb Code    28  dunder.o(i.__mathlib_dbl_divzero)
    __mathlib_dbl_infnan                     0x08007359   Thumb Code    20  dunder.o(i.__mathlib_dbl_infnan)
    __mathlib_dbl_infnan2                    0x0800736d   Thumb Code    20  dunder.o(i.__mathlib_dbl_infnan2)
    __mathlib_dbl_invalid                    0x08007381   Thumb Code    24  dunder.o(i.__mathlib_dbl_invalid)
    __mathlib_dbl_overflow                   0x080073a1   Thumb Code    24  dunder.o(i.__mathlib_dbl_overflow)
    __mathlib_dbl_underflow                  0x080073c1   Thumb Code    24  dunder.o(i.__mathlib_dbl_underflow)
    __scatterload_copy                       0x080073e1   Thumb Code    14  handlers.o(i.__scatterload_copy)
    __scatterload_null                       0x080073ef   Thumb Code     2  handlers.o(i.__scatterload_null)
    __scatterload_zeroinit                   0x080073f1   Thumb Code    14  handlers.o(i.__scatterload_zeroinit)
    __set_errno                              0x08007401   Thumb Code     6  errno.o(i.__set_errno)
    angle_judge                              0x0800740d   Thumb Code    78  chassis_task.o(i.angle_judge)
    atan                                     0x08007465   Thumb Code    16  atan.o(i.atan)
    canfilter_init_start                     0x08007475   Thumb Code    80  can_recive.o(i.canfilter_init_start)
    chassis_rc_to_control_vector             0x080074cd   Thumb Code   232  chassis_task.o(i.chassis_rc_to_control_vector)
    chassis_task                             0x080075bd   Thumb Code   196  chassis_task.o(i.chassis_task)
    control_task                             0x08007689   Thumb Code     2  freertos.o(i.control_task)
    detect_hook                              0x0800768d   Thumb Code    88  detect_task.o(i.detect_hook)
    detect_task                              0x0800777d   Thumb Code   256  detect_task.o(i.detect_task)
    fabs                                     0x080078a5   Thumb Code    24  fabs.o(i.fabs)
    first_order_filter_cali                  0x080078bd   Thumb Code    78  filter.o(i.first_order_filter_cali)
    first_order_filter_init                  0x0800790b   Thumb Code    18  filter.o(i.first_order_filter_init)
    get_Chassis_Motor_Measure_Point          0x0800791d   Thumb Code    16  can_recive.o(i.get_Chassis_Motor_Measure_Point)
    get_gimbal_motor_measure_point           0x08007931   Thumb Code    16  can_recive.o(i.get_gimbal_motor_measure_point)
    get_remote_control_point                 0x08007945   Thumb Code     4  remote_task.o(i.get_remote_control_point)
    imu_ahrs_update                          0x0800794d   Thumb Code  1198  bsp_imu.o(i.imu_ahrs_update)
    imu_attitude_update                      0x08007dfd   Thumb Code   346  bsp_imu.o(i.imu_attitude_update)
    imu_task                                 0x08007f71   Thumb Code    20  imu_task.o(i.imu_task)
    init_quaternion                          0x08007f85   Thumb Code   406  bsp_imu.o(i.init_quaternion)
    inv_sqrt                                 0x08008181   Thumb Code    40  bsp_imu.o(i.inv_sqrt)
    ist8310_get_data                         0x080081ad   Thumb Code    10  bsp_imu.o(i.ist8310_get_data)
    ist8310_init                             0x080081b7   Thumb Code   256  bsp_imu.o(i.ist8310_init)
    led_task                                 0x08008331   Thumb Code    52  led_flow_task.o(i.led_task)
    main                                     0x08008369   Thumb Code   100  main.o(i.main)
    mpu_device_init                          0x080083e1   Thumb Code    88  bsp_imu.o(i.mpu_device_init)
    mpu_get_data                             0x08008441   Thumb Code   262  bsp_imu.o(i.mpu_get_data)
    mpu_offset_call                          0x080085ed   Thumb Code   186  bsp_imu.o(i.mpu_offset_call)
    mpu_read_byte                            0x080086ad   Thumb Code    68  bsp_imu.o(i.mpu_read_byte)
    mpu_read_bytes                           0x080086fd   Thumb Code    80  bsp_imu.o(i.mpu_read_bytes)
    mpu_set_accel_fsr                        0x08008759   Thumb Code    10  bsp_imu.o(i.mpu_set_accel_fsr)
    mpu_set_gyro_fsr                         0x08008763   Thumb Code    10  bsp_imu.o(i.mpu_set_gyro_fsr)
    mpu_write_byte                           0x0800876d   Thumb Code    72  bsp_imu.o(i.mpu_write_byte)
    my_UART_IDLE_function                    0x080087c1   Thumb Code    38  base_usart.o(i.my_UART_IDLE_function)
    osDelay                                  0x080087f1   Thumb Code    16  cmsis_os.o(i.osDelay)
    osKernelStart                            0x08008801   Thumb Code    10  cmsis_os.o(i.osKernelStart)
    osThreadCreate                           0x0800880b   Thumb Code    88  cmsis_os.o(i.osThreadCreate)
    pvPortMalloc                             0x08008c05   Thumb Code   214  heap_4.o(i.pvPortMalloc)
    pxPortInitialiseStack                    0x08008ce1   Thumb Code    30  port.o(i.pxPortInitialiseStack)
    remote_control_init                      0x08008e49   Thumb Code    12  remote_task.o(i.remote_control_init)
    remote_task                              0x08008e59   Thumb Code    14  remote_task.o(i.remote_task)
    slove_RC_lost                            0x08008f21   Thumb Code     6  remote_task.o(i.slove_RC_lost)
    slove_data_error                         0x08008f27   Thumb Code     6  remote_task.o(i.slove_data_error)
    sqrt                                     0x08008f2d   Thumb Code   110  sqrt.o(i.sqrt)
    start_task                               0x08008f9d   Thumb Code   146  freertos.o(i.start_task)
    toe_is_error                             0x08009075   Thumb Code    18  detect_task.o(i.toe_is_error)
    uwb_data_init                            0x0800908d   Thumb Code    20  can_recive.o(i.uwb_data_init)
    uxListRemove                             0x080090a5   Thumb Code    38  list.o(i.uxListRemove)
    uxTaskGetStackHighWaterMark              0x080090cd   Thumb Code    14  tasks.o(i.uxTaskGetStackHighWaterMark)
    vApplicationGetIdleTaskMemory            0x080090e1   Thumb Code    16  freertos.o(i.vApplicationGetIdleTaskMemory)
    vListInitialise                          0x080090f5   Thumb Code    22  list.o(i.vListInitialise)
    vListInitialiseItem                      0x0800910b   Thumb Code     6  list.o(i.vListInitialiseItem)
    vListInsert                              0x08009111   Thumb Code    48  list.o(i.vListInsert)
    vListInsertEnd                           0x08009141   Thumb Code    24  list.o(i.vListInsertEnd)
    vPortEnterCritical                       0x08009159   Thumb Code    54  port.o(i.vPortEnterCritical)
    vPortExitCritical                        0x08009199   Thumb Code    38  port.o(i.vPortExitCritical)
    vPortFree                                0x080091c5   Thumb Code    94  heap_4.o(i.vPortFree)
    vPortSetupTimerInterrupt                 0x08009229   Thumb Code    32  port.o(i.vPortSetupTimerInterrupt)
    vTaskDelay                               0x0800924d   Thumb Code    70  tasks.o(i.vTaskDelay)
    vTaskDelete                              0x0800929d   Thumb Code   158  tasks.o(i.vTaskDelete)
    vTaskStartScheduler                      0x08009349   Thumb Code   118  tasks.o(i.vTaskStartScheduler)
    vTaskSuspendAll                          0x080093d1   Thumb Code    10  tasks.o(i.vTaskSuspendAll)
    vTaskSwitchContext                       0x080093e1   Thumb Code    86  tasks.o(i.vTaskSwitchContext)
    xPortStartScheduler                      0x08009441   Thumb Code   222  port.o(i.xPortStartScheduler)
    xTaskCreate                              0x08009535   Thumb Code   100  tasks.o(i.xTaskCreate)
    xTaskCreateStatic                        0x08009599   Thumb Code    92  tasks.o(i.xTaskCreateStatic)
    xTaskGetTickCount                        0x080095f5   Thumb Code     6  tasks.o(i.xTaskGetTickCount)
    xTaskIncrementTick                       0x08009601   Thumb Code   198  tasks.o(i.xTaskIncrementTick)
    xTaskResumeAll                           0x080096d1   Thumb Code   192  tasks.o(i.xTaskResumeAll)
    AHBPrescTable                            0x080097cc   Data          16  system_stm32f4xx.o(.constdata)
    APBPrescTable                            0x080097dc   Data           8  system_stm32f4xx.o(.constdata)
    __mathlib_zero                           0x080099a0   Data           8  qnan.o(.constdata)
    Region$$Table$$Base                      0x08009aa4   Number         0  anon$$obj.o(Region$$Table)
    Region$$Table$$Limit                     0x08009ac4   Number         0  anon$$obj.o(Region$$Table)
    t                                        0x20000000   Data           1  can_recive.o(.data)
    a                                        0x20000001   Data           1  can_recive.o(.data)
    first_flag                               0x20000002   Data           1  can_recive.o(.data)
    final_yaw                                0x20000004   Data           2  can_recive.o(.data)
    bianliang                                0x20000006   Data           2  can_recive.o(.data)
    save                                     0x20000008   Data           4  can_recive.o(.data)
    C_yaw                                    0x2000000c   Data           4  can_recive.o(.data)
    uwb_yaw                                  0x20000010   Data           4  can_recive.o(.data)
    first_C_yaw                              0x20000014   Data           4  can_recive.o(.data)
    rx_data1                                 0x20000018   Data           7  can_recive.o(.data)
    rx_data2                                 0x2000001f   Data           7  can_recive.o(.data)
    uwb_receive_data                         0x20000026   Data           8  can_recive.o(.data)
    id                                       0x2000004a   Data           1  bsp_imu.o(.data)
    q0                                       0x2000004c   Data           4  bsp_imu.o(.data)
    q1                                       0x20000050   Data           4  bsp_imu.o(.data)
    q2                                       0x20000054   Data           4  bsp_imu.o(.data)
    q3                                       0x20000058   Data           4  bsp_imu.o(.data)
    exInt                                    0x2000005c   Data           4  bsp_imu.o(.data)
    eyInt                                    0x20000060   Data           4  bsp_imu.o(.data)
    ezInt                                    0x20000064   Data           4  bsp_imu.o(.data)
    last_update                              0x2000008c   Data           4  bsp_imu.o(.data)
    now_update                               0x20000090   Data           4  bsp_imu.o(.data)
    ist_buff                                 0x20000094   Data           6  bsp_imu.o(.data)
    detect_TASKHandle                        0x200000a8   Data           4  freertos.o(.data)
    chassis_TASKHandle                       0x200000ac   Data           4  freertos.o(.data)
    imu_TASKHandle                           0x200000b0   Data           4  freertos.o(.data)
    remote_TASKHandle                        0x200000b4   Data           4  freertos.o(.data)
    led_TASKHandle                           0x200000b8   Data           4  freertos.o(.data)
    control_TASKHandle                       0x200000bc   Data           4  freertos.o(.data)
    START_TASKHandle                         0x200000c0   Data           4  freertos.o(.data)
    SystemCoreClock                          0x200000c8   Data           4  system_stm32f4xx.o(.data)
    detect_task_stack                        0x200000d8   Data           4  detect_task.o(.data)
    yaw_diff                                 0x200000dc   Data           4  chassis_task.o(.data)
    uwTickFreq                               0x20000104   Data           1  stm32f4xx_hal.o(.data)
    uwTickPrio                               0x20000108   Data           4  stm32f4xx_hal.o(.data)
    uwTick                                   0x2000010c   Data           4  stm32f4xx_hal.o(.data)
    pxCurrentTCB                             0x20000110   Data           4  tasks.o(.data)
    Revice_ChassisData                       0x200001c4   Data          40  can_recive.o(.bss)
    Revice_LiftDATA                          0x200001ec   Data          10  can_recive.o(.bss)
    Revice_GimbalData                        0x200001f6   Data          40  can_recive.o(.bss)
    imu                                      0x20000220   Data          52  bsp_imu.o(.bss)
    mpu_buff                                 0x20000254   Data          14  bsp_imu.o(.bss)
    mpu_data                                 0x20000262   Data          32  bsp_imu.o(.bss)
    hcan1                                    0x200004d8   Data          40  can.o(.bss)
    hcan2                                    0x20000500   Data          40  can.o(.bss)
    hspi5                                    0x20000528   Data          88  spi.o(.bss)
    htim1                                    0x20000580   Data          72  tim.o(.bss)
    htim2                                    0x200005c8   Data          72  tim.o(.bss)
    htim7                                    0x20000610   Data          72  tim.o(.bss)
    htim8                                    0x20000658   Data          72  tim.o(.bss)
    huart7                                   0x200006a0   Data          68  usart.o(.bss)
    huart8                                   0x200006e4   Data          68  usart.o(.bss)
    huart1                                   0x20000728   Data          68  usart.o(.bss)
    huart6                                   0x2000076c   Data          68  usart.o(.bss)
    hdma_uart7_tx                            0x200007b0   Data          96  usart.o(.bss)
    hdma_uart7_rx                            0x20000810   Data          96  usart.o(.bss)
    hdma_uart8_rx                            0x20000870   Data          96  usart.o(.bss)
    hdma_usart1_rx                           0x200008d0   Data          96  usart.o(.bss)
    htim6                                    0x20000930   Data          72  stm32f4xx_hal_timebase_tim.o(.bss)
    rc_ctrl                                  0x20000978   Data          22  remote_task.o(.bss)
    sbus_rx_buf                              0x2000098e   Data          72  remote_task.o(.bss)
    error_list                               0x200009d6   Data          72  detect_task.o(.bss)
    chassis_move                             0x20000a30   Data        1548  chassis_task.o(.bss)
    atan_angle                               0x20001040   Data          32  chassis_task.o(.bss)
    point_data                               0x20001060   Data        2000  base_usart.o(.bss)
    __initial_sp                             0x20005920   Data           0  startup_stm32f427xx.o(STACK)



==============================================================================

Memory Map of the image

  Image Entry point : 0x080001ad

  Load Region LR_IROM1 (Base: 0x08000000, Size: 0x00009c40, Max: 0x00100000, ABSOLUTE, COMPRESSED[0x00009af4])

    Execution Region ER_IROM1 (Exec base: 0x08000000, Load base: 0x08000000, Size: 0x00009ac4, Max: 0x00100000, ABSOLUTE)

    Exec Addr    Load Addr    Size         Type   Attr      Idx    E Section Name        Object

    0x08000000   0x08000000   0x000001ac   Data   RO            3    RESET               startup_stm32f427xx.o
    0x080001ac   0x080001ac   0x00000000   Code   RO         6219  * .ARM.Collect$$$$00000000  mc_w.l(entry.o)
    0x080001ac   0x080001ac   0x00000004   Code   RO         6558    .ARM.Collect$$$$00000001  mc_w.l(entry2.o)
    0x080001b0   0x080001b0   0x00000004   Code   RO         6561    .ARM.Collect$$$$00000004  mc_w.l(entry5.o)
    0x080001b4   0x080001b4   0x00000000   Code   RO         6563    .ARM.Collect$$$$00000008  mc_w.l(entry7b.o)
    0x080001b4   0x080001b4   0x00000000   Code   RO         6565    .ARM.Collect$$$$0000000A  mc_w.l(entry8b.o)
    0x080001b4   0x080001b4   0x00000008   Code   RO         6566    .ARM.Collect$$$$0000000B  mc_w.l(entry9a.o)
    0x080001bc   0x080001bc   0x00000000   Code   RO         6568    .ARM.Collect$$$$0000000D  mc_w.l(entry10a.o)
    0x080001bc   0x080001bc   0x00000000   Code   RO         6570    .ARM.Collect$$$$0000000F  mc_w.l(entry11a.o)
    0x080001bc   0x080001bc   0x00000004   Code   RO         6559    .ARM.Collect$$$$00002712  mc_w.l(entry2.o)
    0x080001c0   0x080001c0   0x000000be   Code   RO         6060    .emb_text           port.o
    0x0800027e   0x0800027e   0x00000002   PAD
    0x08000280   0x08000280   0x00000024   Code   RO            4    .text               startup_stm32f427xx.o
    0x080002a4   0x080002a4   0x00000062   Code   RO         6222    .text               mc_w.l(uldiv.o)
    0x08000306   0x08000306   0x00000024   Code   RO         6224    .text               mc_w.l(memcpya.o)
    0x0800032a   0x0800032a   0x00000024   Code   RO         6228    .text               mc_w.l(memseta.o)
    0x0800034e   0x0800034e   0x0000014e   Code   RO         6495    .text               mf_w.l(dadd.o)
    0x0800049c   0x0800049c   0x000000e4   Code   RO         6497    .text               mf_w.l(dmul.o)
    0x08000580   0x08000580   0x000000de   Code   RO         6499    .text               mf_w.l(ddiv.o)
    0x0800065e   0x0800065e   0x00000022   Code   RO         6501    .text               mf_w.l(dflti.o)
    0x08000680   0x08000680   0x00000026   Code   RO         6503    .text               mf_w.l(f2d.o)
    0x080006a6   0x080006a6   0x00000002   PAD
    0x080006a8   0x080006a8   0x00000030   Code   RO         6505    .text               mf_w.l(cdcmple.o)
    0x080006d8   0x080006d8   0x00000030   Code   RO         6507    .text               mf_w.l(cdrcmple.o)
    0x08000708   0x08000708   0x00000038   Code   RO         6509    .text               mf_w.l(d2f.o)
    0x08000740   0x08000740   0x0000001e   Code   RO         6574    .text               mc_w.l(llshl.o)
    0x0800075e   0x0800075e   0x00000020   Code   RO         6576    .text               mc_w.l(llushr.o)
    0x0800077e   0x0800077e   0x00000024   Code   RO         6578    .text               mc_w.l(llsshr.o)
    0x080007a2   0x080007a2   0x00000000   Code   RO         6587    .text               mc_w.l(iusefp.o)
    0x080007a2   0x080007a2   0x0000006e   Code   RO         6588    .text               mf_w.l(fepilogue.o)
    0x08000810   0x08000810   0x000000ba   Code   RO         6590    .text               mf_w.l(depilogue.o)
    0x080008ca   0x080008ca   0x0000002e   Code   RO         6594    .text               mf_w.l(dscalb.o)
    0x080008f8   0x080008f8   0x000000a2   Code   RO         6596    .text               mf_w.l(dsqrt.o)
    0x0800099a   0x0800099a   0x00000002   PAD
    0x0800099c   0x0800099c   0x00000024   Code   RO         6600    .text               mc_w.l(init.o)
    0x080009c0   0x080009c0   0x0000001a   Code   RO         6602    .text               mf_w.l(dfltui.o)
    0x080009da   0x080009da   0x0000003e   Code   RO         6604    .text               mf_w.l(dfixi.o)
    0x08000a18   0x08000a18   0x0000003a   Code   RO         6614    .text               mc_w.l(__dczerorl.o)
    0x08000a52   0x08000a52   0x00000002   PAD
    0x08000a54   0x08000a54   0x0000030c   Code   RO         1353    i.AGV_Angle_calc    chassis_task.o
    0x08000d60   0x08000d60   0x0000024c   Code   RO         1354    i.AGV_Speed_calc    chassis_task.o
    0x08000fac   0x08000fac   0x0000001e   Code   RO         1460    i.Angle_Limit       filter.o
    0x08000fca   0x08000fca   0x00000002   Code   RO          948    i.BusFault_Handler  stm32f4xx_it.o
    0x08000fcc   0x08000fcc   0x0000000c   Code   RO          949    i.CAN1_RX0_IRQHandler  stm32f4xx_it.o
    0x08000fd8   0x08000fd8   0x0000000c   Code   RO          950    i.CAN1_RX1_IRQHandler  stm32f4xx_it.o
    0x08000fe4   0x08000fe4   0x0000000c   Code   RO          951    i.CAN2_RX0_IRQHandler  stm32f4xx_it.o
    0x08000ff0   0x08000ff0   0x0000000c   Code   RO          952    i.CAN2_RX1_IRQHandler  stm32f4xx_it.o
    0x08000ffc   0x08000ffc   0x00000048   Code   RO          214    i.CAN_cmd_chassis   can_recive.o
    0x08001044   0x08001044   0x00000048   Code   RO          215    i.CAN_cmd_gimbal    can_recive.o
    0x0800108c   0x0800108c   0x00000188   Code   RO          216    i.C_yaw_caculate    can_recive.o
    0x08001214   0x08001214   0x0000003c   Code   RO          217    i.Cha_Get_Motor_Data  can_recive.o
    0x08001250   0x08001250   0x00000054   Code   RO         1355    i.Chassis_mode_change  chassis_task.o
    0x080012a4   0x080012a4   0x0000003c   Code   RO         1356    i.Chassis_remote_control_loop  chassis_task.o
    0x080012e0   0x080012e0   0x0000000c   Code   RO          953    i.DMA1_Stream1_IRQHandler  stm32f4xx_it.o
    0x080012ec   0x080012ec   0x0000000c   Code   RO          954    i.DMA1_Stream3_IRQHandler  stm32f4xx_it.o
    0x080012f8   0x080012f8   0x0000000c   Code   RO          955    i.DMA1_Stream6_IRQHandler  stm32f4xx_it.o
    0x08001304   0x08001304   0x0000000c   Code   RO          956    i.DMA2_Stream2_IRQHandler  stm32f4xx_it.o
    0x08001310   0x08001310   0x0000002c   Code   RO         2429    i.DMA_CalcBaseAndBitshift  stm32f4xx_hal_dma.o
    0x0800133c   0x0800133c   0x00000078   Code   RO         2430    i.DMA_CheckFifoParam  stm32f4xx_hal_dma.o
    0x080013b4   0x080013b4   0x0000002a   Code   RO         2431    i.DMA_SetConfig     stm32f4xx_hal_dma.o
    0x080013de   0x080013de   0x00000002   Code   RO          957    i.DebugMon_Handler  stm32f4xx_it.o
    0x080013e0   0x080013e0   0x00000004   Code   RO          546    i.Error_Handler     main.o
    0x080013e4   0x080013e4   0x00000078   Code   RO         1357    i.Find_min_Angle    chassis_task.o
    0x0800145c   0x0800145c   0x0000003c   Code   RO          218    i.Gim_Get_Motor_Data  can_recive.o
    0x08001498   0x08001498   0x00000024   Code   RO         1635    i.HAL_CAN_ActivateNotification  stm32f4xx_hal_can.o
    0x080014bc   0x080014bc   0x000000f2   Code   RO         1636    i.HAL_CAN_AddTxMessage  stm32f4xx_hal_can.o
    0x080015ae   0x080015ae   0x00000002   PAD
    0x080015b0   0x080015b0   0x00000110   Code   RO         1637    i.HAL_CAN_ConfigFilter  stm32f4xx_hal_can.o
    0x080016c0   0x080016c0   0x00000002   Code   RO         1640    i.HAL_CAN_ErrorCallback  stm32f4xx_hal_can.o
    0x080016c2   0x080016c2   0x00000106   Code   RO         1643    i.HAL_CAN_GetRxMessage  stm32f4xx_hal_can.o
    0x080017c8   0x080017c8   0x000001fc   Code   RO         1647    i.HAL_CAN_IRQHandler  stm32f4xx_hal_can.o
    0x080019c4   0x080019c4   0x00000152   Code   RO         1648    i.HAL_CAN_Init      stm32f4xx_hal_can.o
    0x08001b16   0x08001b16   0x00000002   PAD
    0x08001b18   0x08001b18   0x00000120   Code   RO          708    i.HAL_CAN_MspInit   can.o
    0x08001c38   0x08001c38   0x00000002   Code   RO         1655    i.HAL_CAN_RxFifo0FullCallback  stm32f4xx_hal_can.o
    0x08001c3a   0x08001c3a   0x00000002   PAD
    0x08001c3c   0x08001c3c   0x000000ec   Code   RO          219    i.HAL_CAN_RxFifo0MsgPendingCallback  can_recive.o
    0x08001d28   0x08001d28   0x00000002   Code   RO         1657    i.HAL_CAN_RxFifo1FullCallback  stm32f4xx_hal_can.o
    0x08001d2a   0x08001d2a   0x00000002   Code   RO         1658    i.HAL_CAN_RxFifo1MsgPendingCallback  stm32f4xx_hal_can.o
    0x08001d2c   0x08001d2c   0x00000002   Code   RO         1659    i.HAL_CAN_SleepCallback  stm32f4xx_hal_can.o
    0x08001d2e   0x08001d2e   0x00000058   Code   RO         1660    i.HAL_CAN_Start     stm32f4xx_hal_can.o
    0x08001d86   0x08001d86   0x00000002   Code   RO         1662    i.HAL_CAN_TxMailbox0AbortCallback  stm32f4xx_hal_can.o
    0x08001d88   0x08001d88   0x00000002   Code   RO         1663    i.HAL_CAN_TxMailbox0CompleteCallback  stm32f4xx_hal_can.o
    0x08001d8a   0x08001d8a   0x00000002   Code   RO         1664    i.HAL_CAN_TxMailbox1AbortCallback  stm32f4xx_hal_can.o
    0x08001d8c   0x08001d8c   0x00000002   Code   RO         1665    i.HAL_CAN_TxMailbox1CompleteCallback  stm32f4xx_hal_can.o
    0x08001d8e   0x08001d8e   0x00000002   Code   RO         1666    i.HAL_CAN_TxMailbox2AbortCallback  stm32f4xx_hal_can.o
    0x08001d90   0x08001d90   0x00000002   Code   RO         1667    i.HAL_CAN_TxMailbox2CompleteCallback  stm32f4xx_hal_can.o
    0x08001d92   0x08001d92   0x00000002   Code   RO         1669    i.HAL_CAN_WakeUpFromRxMsgCallback  stm32f4xx_hal_can.o
    0x08001d94   0x08001d94   0x0000008e   Code   RO         2432    i.HAL_DMA_Abort     stm32f4xx_hal_dma.o
    0x08001e22   0x08001e22   0x00000024   Code   RO         2433    i.HAL_DMA_Abort_IT  stm32f4xx_hal_dma.o
    0x08001e46   0x08001e46   0x00000002   PAD
    0x08001e48   0x08001e48   0x000001d0   Code   RO         2437    i.HAL_DMA_IRQHandler  stm32f4xx_hal_dma.o
    0x08002018   0x08002018   0x000000d4   Code   RO         2438    i.HAL_DMA_Init      stm32f4xx_hal_dma.o
    0x080020ec   0x080020ec   0x0000006e   Code   RO         2442    i.HAL_DMA_Start_IT  stm32f4xx_hal_dma.o
    0x0800215a   0x0800215a   0x00000002   PAD
    0x0800215c   0x0800215c   0x00000024   Code   RO         2869    i.HAL_Delay         stm32f4xx_hal.o
    0x08002180   0x08002180   0x000001ec   Code   RO         2325    i.HAL_GPIO_Init     stm32f4xx_hal_gpio.o
    0x0800236c   0x0800236c   0x0000000e   Code   RO         2329    i.HAL_GPIO_WritePin  stm32f4xx_hal_gpio.o
    0x0800237a   0x0800237a   0x00000002   PAD
    0x0800237c   0x0800237c   0x0000000c   Code   RO         2877    i.HAL_GetTick       stm32f4xx_hal.o
    0x08002388   0x08002388   0x00000010   Code   RO         2883    i.HAL_IncTick       stm32f4xx_hal.o
    0x08002398   0x08002398   0x00000034   Code   RO         2884    i.HAL_Init          stm32f4xx_hal.o
    0x080023cc   0x080023cc   0x00000098   Code   RO         1108    i.HAL_InitTick      stm32f4xx_hal_timebase_tim.o
    0x08002464   0x08002464   0x00000038   Code   RO         1084    i.HAL_MspInit       stm32f4xx_hal_msp.o
    0x0800249c   0x0800249c   0x0000001a   Code   RO         2732    i.HAL_NVIC_EnableIRQ  stm32f4xx_hal_cortex.o
    0x080024b6   0x080024b6   0x00000002   PAD
    0x080024b8   0x080024b8   0x00000040   Code   RO         2738    i.HAL_NVIC_SetPriority  stm32f4xx_hal_cortex.o
    0x080024f8   0x080024f8   0x00000024   Code   RO         2739    i.HAL_NVIC_SetPriorityGrouping  stm32f4xx_hal_cortex.o
    0x0800251c   0x0800251c   0x0000014c   Code   RO         1869    i.HAL_RCC_ClockConfig  stm32f4xx_hal_rcc.o
    0x08002668   0x08002668   0x0000003c   Code   RO         1873    i.HAL_RCC_GetClockConfig  stm32f4xx_hal_rcc.o
    0x080026a4   0x080026a4   0x0000000c   Code   RO         1874    i.HAL_RCC_GetHCLKFreq  stm32f4xx_hal_rcc.o
    0x080026b0   0x080026b0   0x00000020   Code   RO         1876    i.HAL_RCC_GetPCLK1Freq  stm32f4xx_hal_rcc.o
    0x080026d0   0x080026d0   0x00000020   Code   RO         1877    i.HAL_RCC_GetPCLK2Freq  stm32f4xx_hal_rcc.o
    0x080026f0   0x080026f0   0x0000006c   Code   RO         1878    i.HAL_RCC_GetSysClockFreq  stm32f4xx_hal_rcc.o
    0x0800275c   0x0800275c   0x000003c0   Code   RO         1881    i.HAL_RCC_OscConfig  stm32f4xx_hal_rcc.o
    0x08002b1c   0x08002b1c   0x000000be   Code   RO         3143    i.HAL_SPI_Init      stm32f4xx_hal_spi.o
    0x08002bda   0x08002bda   0x00000002   PAD
    0x08002bdc   0x08002bdc   0x0000006c   Code   RO          781    i.HAL_SPI_MspInit   spi.o
    0x08002c48   0x08002c48   0x000001e4   Code   RO         3152    i.HAL_SPI_TransmitReceive  stm32f4xx_hal_spi.o
    0x08002e2c   0x08002e2c   0x00000002   Code   RO         4171    i.HAL_TIMEx_BreakCallback  stm32f4xx_hal_tim_ex.o
    0x08002e2e   0x08002e2e   0x00000002   Code   RO         4172    i.HAL_TIMEx_CommutCallback  stm32f4xx_hal_tim_ex.o
    0x08002e30   0x08002e30   0x00000054   Code   RO         4174    i.HAL_TIMEx_ConfigBreakDeadTime  stm32f4xx_hal_tim_ex.o
    0x08002e84   0x08002e84   0x00000090   Code   RO         4190    i.HAL_TIMEx_MasterConfigSynchronization  stm32f4xx_hal_tim_ex.o
    0x08002f14   0x08002f14   0x0000004a   Code   RO         3456    i.HAL_TIM_Base_Init  stm32f4xx_hal_tim.o
    0x08002f5e   0x08002f5e   0x00000002   PAD
    0x08002f60   0x08002f60   0x0000008c   Code   RO          823    i.HAL_TIM_Base_MspInit  tim.o
    0x08002fec   0x08002fec   0x0000008c   Code   RO         3461    i.HAL_TIM_Base_Start_IT  stm32f4xx_hal_tim.o
    0x08003078   0x08003078   0x000000e8   Code   RO         3465    i.HAL_TIM_ConfigClockSource  stm32f4xx_hal_tim.o
    0x08003160   0x08003160   0x00000002   Code   RO         3490    i.HAL_TIM_IC_CaptureCallback  stm32f4xx_hal_tim.o
    0x08003162   0x08003162   0x0000016e   Code   RO         3504    i.HAL_TIM_IRQHandler  stm32f4xx_hal_tim.o
    0x080032d0   0x080032d0   0x000000b8   Code   RO          824    i.HAL_TIM_MspPostInit  tim.o
    0x08003388   0x08003388   0x00000002   Code   RO         3507    i.HAL_TIM_OC_DelayElapsedCallback  stm32f4xx_hal_tim.o
    0x0800338a   0x0800338a   0x000000d8   Code   RO         3528    i.HAL_TIM_PWM_ConfigChannel  stm32f4xx_hal_tim.o
    0x08003462   0x08003462   0x0000004a   Code   RO         3531    i.HAL_TIM_PWM_Init  stm32f4xx_hal_tim.o
    0x080034ac   0x080034ac   0x00000002   Code   RO         3533    i.HAL_TIM_PWM_MspInit  stm32f4xx_hal_tim.o
    0x080034ae   0x080034ae   0x00000002   Code   RO         3534    i.HAL_TIM_PWM_PulseFinishedCallback  stm32f4xx_hal_tim.o
    0x080034b0   0x080034b0   0x000000dc   Code   RO         3536    i.HAL_TIM_PWM_Start  stm32f4xx_hal_tim.o
    0x0800358c   0x0800358c   0x00000014   Code   RO          547    i.HAL_TIM_PeriodElapsedCallback  main.o
    0x080035a0   0x080035a0   0x00000002   Code   RO         3547    i.HAL_TIM_TriggerCallback  stm32f4xx_hal_tim.o
    0x080035a2   0x080035a2   0x00000002   Code   RO         4449    i.HAL_UARTEx_RxEventCallback  stm32f4xx_hal_uart.o
    0x080035a4   0x080035a4   0x00000002   Code   RO         4463    i.HAL_UART_ErrorCallback  stm32f4xx_hal_uart.o
    0x080035a6   0x080035a6   0x00000002   PAD
    0x080035a8   0x080035a8   0x00000228   Code   RO         4466    i.HAL_UART_IRQHandler  stm32f4xx_hal_uart.o
    0x080037d0   0x080037d0   0x00000064   Code   RO         4467    i.HAL_UART_Init     stm32f4xx_hal_uart.o
    0x08003834   0x08003834   0x00000274   Code   RO          889    i.HAL_UART_MspInit  usart.o
    0x08003aa8   0x08003aa8   0x0000002e   Code   RO         4472    i.HAL_UART_Receive_IT  stm32f4xx_hal_uart.o
    0x08003ad6   0x08003ad6   0x00000002   PAD
    0x08003ad8   0x08003ad8   0x00000080   Code   RO          220    i.HAL_UART_RxCpltCallback  can_recive.o
    0x08003b58   0x08003b58   0x00000002   Code   RO         4474    i.HAL_UART_RxHalfCpltCallback  stm32f4xx_hal_uart.o
    0x08003b5a   0x08003b5a   0x00000002   Code   RO         4478    i.HAL_UART_TxCpltCallback  stm32f4xx_hal_uart.o
    0x08003b5c   0x08003b5c   0x00000002   Code   RO          958    i.HardFault_Handler  stm32f4xx_it.o
    0x08003b5e   0x08003b5e   0x00000002   PAD
    0x08003b60   0x08003b60   0x00000030   Code   RO          221    i.Lift_Get_Motor_Data  can_recive.o
    0x08003b90   0x08003b90   0x00000044   Code   RO          709    i.MX_CAN1_Init      can.o
    0x08003bd4   0x08003bd4   0x00000044   Code   RO          710    i.MX_CAN2_Init      can.o
    0x08003c18   0x08003c18   0x0000006c   Code   RO          756    i.MX_DMA_Init       dma.o
    0x08003c84   0x08003c84   0x00000028   Code   RO          651    i.MX_FREERTOS_Init  freertos.o
    0x08003cac   0x08003cac   0x000000bc   Code   RO          627    i.MX_GPIO_Init      gpio.o
    0x08003d68   0x08003d68   0x00000048   Code   RO          782    i.MX_SPI5_Init      spi.o
    0x08003db0   0x08003db0   0x000000c8   Code   RO          825    i.MX_TIM1_Init      tim.o
    0x08003e78   0x08003e78   0x000000c8   Code   RO          826    i.MX_TIM2_Init      tim.o
    0x08003f40   0x08003f40   0x00000044   Code   RO          827    i.MX_TIM7_Init      tim.o
    0x08003f84   0x08003f84   0x000000f8   Code   RO          828    i.MX_TIM8_Init      tim.o
    0x0800407c   0x0800407c   0x00000038   Code   RO          890    i.MX_UART7_Init     usart.o
    0x080040b4   0x080040b4   0x00000038   Code   RO          891    i.MX_UART8_Init     usart.o
    0x080040ec   0x080040ec   0x0000003c   Code   RO          892    i.MX_USART1_UART_Init  usart.o
    0x08004128   0x08004128   0x00000038   Code   RO          893    i.MX_USART6_UART_Init  usart.o
    0x08004160   0x08004160   0x00000002   Code   RO          959    i.MemManage_Handler  stm32f4xx_it.o
    0x08004162   0x08004162   0x00000002   Code   RO          960    i.NMI_Handler       stm32f4xx_it.o
    0x08004164   0x08004164   0x00000034   Code   RO         1358    i.PID_CLEAR_ALL     chassis_task.o
    0x08004198   0x08004198   0x00000184   Code   RO          158    i.PID_Calc_Ecd      pid.o
    0x0800431c   0x0800431c   0x00000254   Code   RO          159    i.PID_calc          pid.o
    0x08004570   0x08004570   0x00000040   Code   RO          160    i.PID_clear         pid.o
    0x080045b0   0x080045b0   0x0000005c   Code   RO          161    i.PID_init          pid.o
    0x0800460c   0x0800460c   0x0000000a   Code   RO         1185    i.RC_abs            remote_task.o
    0x08004616   0x08004616   0x00000002   PAD
    0x08004618   0x08004618   0x0000006c   Code   RO         1186    i.RC_data_is_error  remote_task.o
    0x08004684   0x08004684   0x0000006c   Code   RO           13    i.RC_init           bsp_rc.o
    0x080046f0   0x080046f0   0x0000003c   Code   RO           14    i.RC_restart        bsp_rc.o
    0x0800472c   0x0800472c   0x00000068   Code   RO         1359    i.Remote_chassis_AGV_wheel_speed  chassis_task.o
    0x08004794   0x08004794   0x000000a6   Code   RO         1360    i.Remote_pid_caculate  chassis_task.o
    0x0800483a   0x0800483a   0x00000002   PAD
    0x0800483c   0x0800483c   0x000000fc   Code   RO         1361    i.Robot_coordinate  chassis_task.o
    0x08004938   0x08004938   0x0000005c   Code   RO         3181    i.SPI_EndRxTxTransaction  stm32f4xx_hal_spi.o
    0x08004994   0x08004994   0x000000bc   Code   RO         3186    i.SPI_WaitFlagStateUntilTimeout  stm32f4xx_hal_spi.o
    0x08004a50   0x08004a50   0x00000090   Code   RO         1362    i.Speed_Toggle      chassis_task.o
    0x08004ae0   0x08004ae0   0x0000002c   Code   RO         6061    i.SysTick_Handler   port.o
    0x08004b0c   0x08004b0c   0x00000094   Code   RO          548    i.SystemClock_Config  main.o
    0x08004ba0   0x08004ba0   0x00000010   Code   RO         1148    i.SystemInit        system_stm32f4xx.o
    0x08004bb0   0x08004bb0   0x0000000c   Code   RO          961    i.TIM6_DAC_IRQHandler  stm32f4xx_it.o
    0x08004bbc   0x08004bbc   0x0000000c   Code   RO          962    i.TIM7_IRQHandler   stm32f4xx_it.o
    0x08004bc8   0x08004bc8   0x000000cc   Code   RO         3549    i.TIM_Base_SetConfig  stm32f4xx_hal_tim.o
    0x08004c94   0x08004c94   0x0000001a   Code   RO         3550    i.TIM_CCxChannelCmd  stm32f4xx_hal_tim.o
    0x08004cae   0x08004cae   0x00000014   Code   RO         3560    i.TIM_ETR_SetConfig  stm32f4xx_hal_tim.o
    0x08004cc2   0x08004cc2   0x00000010   Code   RO         3561    i.TIM_ITRx_SetConfig  stm32f4xx_hal_tim.o
    0x08004cd2   0x08004cd2   0x00000002   PAD
    0x08004cd4   0x08004cd4   0x00000068   Code   RO         3562    i.TIM_OC1_SetConfig  stm32f4xx_hal_tim.o
    0x08004d3c   0x08004d3c   0x00000074   Code   RO         3563    i.TIM_OC2_SetConfig  stm32f4xx_hal_tim.o
    0x08004db0   0x08004db0   0x00000070   Code   RO         3564    i.TIM_OC3_SetConfig  stm32f4xx_hal_tim.o
    0x08004e20   0x08004e20   0x00000054   Code   RO         3565    i.TIM_OC4_SetConfig  stm32f4xx_hal_tim.o
    0x08004e74   0x08004e74   0x00000022   Code   RO         3567    i.TIM_TI1_ConfigInputStage  stm32f4xx_hal_tim.o
    0x08004e96   0x08004e96   0x00000024   Code   RO         3569    i.TIM_TI2_ConfigInputStage  stm32f4xx_hal_tim.o
    0x08004eba   0x08004eba   0x00000002   PAD
    0x08004ebc   0x08004ebc   0x00000014   Code   RO          963    i.UART7_IRQHandler  stm32f4xx_it.o
    0x08004ed0   0x08004ed0   0x0000000c   Code   RO          964    i.UART8_IRQHandler  stm32f4xx_it.o
    0x08004edc   0x08004edc   0x00000010   Code   RO         4480    i.UART_DMAAbortOnError  stm32f4xx_hal_uart.o
    0x08004eec   0x08004eec   0x0000004a   Code   RO         4481    i.UART_DMAError     stm32f4xx_hal_uart.o
    0x08004f36   0x08004f36   0x00000082   Code   RO         4482    i.UART_DMAReceiveCplt  stm32f4xx_hal_uart.o
    0x08004fb8   0x08004fb8   0x0000001a   Code   RO         4484    i.UART_DMARxHalfCplt  stm32f4xx_hal_uart.o
    0x08004fd2   0x08004fd2   0x0000004e   Code   RO         4490    i.UART_EndRxTransfer  stm32f4xx_hal_uart.o
    0x08005020   0x08005020   0x0000001a   Code   RO         4491    i.UART_EndTransmit_IT  stm32f4xx_hal_uart.o
    0x0800503a   0x0800503a   0x0000001c   Code   RO         4492    i.UART_EndTxTransfer  stm32f4xx_hal_uart.o
    0x08005056   0x08005056   0x00000002   PAD
    0x08005058   0x08005058   0x00000020   Code   RO         1552    i.UART_IDLE_init    base_usart.o
    0x08005078   0x08005078   0x000000c6   Code   RO         4493    i.UART_Receive_IT   stm32f4xx_hal_uart.o
    0x0800513e   0x0800513e   0x00000002   PAD
    0x08005140   0x08005140   0x00000114   Code   RO         4494    i.UART_SetConfig    stm32f4xx_hal_uart.o
    0x08005254   0x08005254   0x00000098   Code   RO         4495    i.UART_Start_Receive_DMA  stm32f4xx_hal_uart.o
    0x080052ec   0x080052ec   0x0000003c   Code   RO         4496    i.UART_Start_Receive_IT  stm32f4xx_hal_uart.o
    0x08005328   0x08005328   0x0000005e   Code   RO         4497    i.UART_Transmit_IT  stm32f4xx_hal_uart.o
    0x08005386   0x08005386   0x00000002   PAD
    0x08005388   0x08005388   0x000000d0   Code   RO         1187    i.USART1_IRQHandler  remote_task.o
    0x08005458   0x08005458   0x0000000c   Code   RO          965    i.USART6_IRQHandler  stm32f4xx_it.o
    0x08005464   0x08005464   0x00000002   Code   RO          966    i.UsageFault_Handler  stm32f4xx_it.o
    0x08005466   0x08005466   0x00000030   Code   RO         6542    i.__ARM_fpclassify  m_wm.l(fpclassify.o)
    0x08005496   0x08005496   0x00000020   Code   RO         2745    i.__NVIC_SetPriority  stm32f4xx_hal_cortex.o
    0x080054b6   0x080054b6   0x00000002   PAD
    0x080054b8   0x080054b8   0x00000360   Code   RO         6137    i.__hardfp_asin     m_wm.l(asin.o)
    0x08005818   0x08005818   0x000002d8   Code   RO         6511    i.__hardfp_atan     m_wm.l(atan.o)
    0x08005af0   0x08005af0   0x000001f0   Code   RO         6151    i.__hardfp_atan2    m_wm.l(atan2.o)
    0x08005ce0   0x08005ce0   0x000000c8   Code   RO         6163    i.__hardfp_cos      m_wm.l(cos.o)
    0x08005da8   0x08005da8   0x00000014   Code   RO         6175    i.__hardfp_fabs     m_wm.l(fabs.o)
    0x08005dbc   0x08005dbc   0x00000004   PAD
    0x08005dc0   0x08005dc0   0x00000c50   Code   RO         6181    i.__hardfp_pow      m_wm.l(pow.o)
    0x08006a10   0x08006a10   0x000000c8   Code   RO         6195    i.__hardfp_sin      m_wm.l(sin.o)
    0x08006ad8   0x08006ad8   0x0000007a   Code   RO         6207    i.__hardfp_sqrt     m_wm.l(sqrt.o)
    0x08006b52   0x08006b52   0x00000006   PAD
    0x08006b58   0x08006b58   0x00000438   Code   RO         6547    i.__ieee754_rem_pio2  m_wm.l(rred.o)
    0x08006f90   0x08006f90   0x00000170   Code   RO         6525    i.__kernel_cos      m_wm.l(cos_i.o)
    0x08007100   0x08007100   0x000000f8   Code   RO         6544    i.__kernel_poly     m_wm.l(poly.o)
    0x080071f8   0x080071f8   0x00000130   Code   RO         6552    i.__kernel_sin      m_wm.l(sin_i.o)
    0x08007328   0x08007328   0x00000030   Code   RO         6528    i.__mathlib_dbl_divzero  m_wm.l(dunder.o)
    0x08007358   0x08007358   0x00000014   Code   RO         6529    i.__mathlib_dbl_infnan  m_wm.l(dunder.o)
    0x0800736c   0x0800736c   0x00000014   Code   RO         6530    i.__mathlib_dbl_infnan2  m_wm.l(dunder.o)
    0x08007380   0x08007380   0x00000020   Code   RO         6531    i.__mathlib_dbl_invalid  m_wm.l(dunder.o)
    0x080073a0   0x080073a0   0x00000020   Code   RO         6532    i.__mathlib_dbl_overflow  m_wm.l(dunder.o)
    0x080073c0   0x080073c0   0x00000020   Code   RO         6534    i.__mathlib_dbl_underflow  m_wm.l(dunder.o)
    0x080073e0   0x080073e0   0x0000000e   Code   RO         6608    i.__scatterload_copy  mc_w.l(handlers.o)
    0x080073ee   0x080073ee   0x00000002   Code   RO         6609    i.__scatterload_null  mc_w.l(handlers.o)
    0x080073f0   0x080073f0   0x0000000e   Code   RO         6610    i.__scatterload_zeroinit  mc_w.l(handlers.o)
    0x080073fe   0x080073fe   0x00000002   PAD
    0x08007400   0x08007400   0x0000000c   Code   RO         6582    i.__set_errno       mc_w.l(errno.o)
    0x0800740c   0x0800740c   0x00000058   Code   RO         1363    i.angle_judge       chassis_task.o
    0x08007464   0x08007464   0x00000010   Code   RO         6513    i.atan              m_wm.l(atan.o)
    0x08007474   0x08007474   0x00000058   Code   RO          222    i.canfilter_init_start  can_recive.o
    0x080074cc   0x080074cc   0x000000f0   Code   RO         1364    i.chassis_rc_to_control_vector  chassis_task.o
    0x080075bc   0x080075bc   0x000000cc   Code   RO         1365    i.chassis_task      chassis_task.o
    0x08007688   0x08007688   0x00000002   Code   RO          652    i.control_task      freertos.o
    0x0800768a   0x0800768a   0x00000002   PAD
    0x0800768c   0x0800768c   0x0000005c   Code   RO         1277    i.detect_hook       detect_task.o
    0x080076e8   0x080076e8   0x00000094   Code   RO         1278    i.detect_init       detect_task.o
    0x0800777c   0x0800777c   0x0000010c   Code   RO         1279    i.detect_task       detect_task.o
    0x08007888   0x08007888   0x0000001c   Code   RO          162    i.ecd_zero          pid.o
    0x080078a4   0x080078a4   0x00000018   Code   RO         6177    i.fabs              m_wm.l(fabs.o)
    0x080078bc   0x080078bc   0x0000004e   Code   RO         1461    i.first_order_filter_cali  filter.o
    0x0800790a   0x0800790a   0x00000012   Code   RO         1462    i.first_order_filter_init  filter.o
    0x0800791c   0x0800791c   0x00000014   Code   RO          223    i.get_Chassis_Motor_Measure_Point  can_recive.o
    0x08007930   0x08007930   0x00000014   Code   RO          225    i.get_gimbal_motor_measure_point  can_recive.o
    0x08007944   0x08007944   0x00000008   Code   RO         1188    i.get_remote_control_point  remote_task.o
    0x0800794c   0x0800794c   0x000004ae   Code   RO          414    i.imu_ahrs_update   bsp_imu.o
    0x08007dfa   0x08007dfa   0x00000002   PAD
    0x08007dfc   0x08007dfc   0x00000174   Code   RO          415    i.imu_attitude_update  bsp_imu.o
    0x08007f70   0x08007f70   0x00000014   Code   RO         1524    i.imu_task          imu_task.o
    0x08007f84   0x08007f84   0x000001fc   Code   RO          416    i.init_quaternion   bsp_imu.o
    0x08008180   0x08008180   0x0000002c   Code   RO          417    i.inv_sqrt          bsp_imu.o
    0x080081ac   0x080081ac   0x0000000a   Code   RO          418    i.ist8310_get_data  bsp_imu.o
    0x080081b6   0x080081b6   0x00000100   Code   RO          419    i.ist8310_init      bsp_imu.o
    0x080082b6   0x080082b6   0x00000038   Code   RO          420    i.ist_reg_read_by_mpu  bsp_imu.o
    0x080082ee   0x080082ee   0x00000042   Code   RO          421    i.ist_reg_write_by_mpu  bsp_imu.o
    0x08008330   0x08008330   0x00000038   Code   RO         1326    i.led_task          led_flow_task.o
    0x08008368   0x08008368   0x0000006c   Code   RO          551    i.main              main.o
    0x080083d4   0x080083d4   0x0000000c   Code   RO         5626    i.makeFreeRtosPriority  cmsis_os.o
    0x080083e0   0x080083e0   0x00000060   Code   RO          422    i.mpu_device_init   bsp_imu.o
    0x08008440   0x08008440   0x0000011c   Code   RO          423    i.mpu_get_data      bsp_imu.o
    0x0800855c   0x0800855c   0x0000008e   Code   RO          424    i.mpu_master_i2c_auto_read_config  bsp_imu.o
    0x080085ea   0x080085ea   0x00000002   PAD
    0x080085ec   0x080085ec   0x000000c0   Code   RO          425    i.mpu_offset_call   bsp_imu.o
    0x080086ac   0x080086ac   0x00000050   Code   RO          426    i.mpu_read_byte     bsp_imu.o
    0x080086fc   0x080086fc   0x0000005c   Code   RO          427    i.mpu_read_bytes    bsp_imu.o
    0x08008758   0x08008758   0x0000000a   Code   RO          428    i.mpu_set_accel_fsr  bsp_imu.o
    0x08008762   0x08008762   0x0000000a   Code   RO          429    i.mpu_set_gyro_fsr  bsp_imu.o
    0x0800876c   0x0800876c   0x00000054   Code   RO          430    i.mpu_write_byte    bsp_imu.o
    0x080087c0   0x080087c0   0x00000030   Code   RO         1555    i.my_UART_IDLE_function  base_usart.o
    0x080087f0   0x080087f0   0x00000010   Code   RO         5628    i.osDelay           cmsis_os.o
    0x08008800   0x08008800   0x0000000a   Code   RO         5631    i.osKernelStart     cmsis_os.o
    0x0800880a   0x0800880a   0x00000058   Code   RO         5665    i.osThreadCreate    cmsis_os.o
    0x08008862   0x08008862   0x00000002   PAD
    0x08008864   0x08008864   0x00000070   Code   RO         5280    i.prvAddCurrentTaskToDelayedList  tasks.o
    0x080088d4   0x080088d4   0x00000088   Code   RO         5281    i.prvAddNewTaskToReadyList  tasks.o
    0x0800895c   0x0800895c   0x0000003c   Code   RO         5282    i.prvCheckTasksWaitingTermination  tasks.o
    0x08008998   0x08008998   0x00000040   Code   RO         5283    i.prvDeleteTCB      tasks.o
    0x080089d8   0x080089d8   0x0000004c   Code   RO         5993    i.prvHeapInit       heap_4.o
    0x08008a24   0x08008a24   0x00000028   Code   RO         5284    i.prvIdleTask       tasks.o
    0x08008a4c   0x08008a4c   0x000000a8   Code   RO         5285    i.prvInitialiseNewTask  tasks.o
    0x08008af4   0x08008af4   0x00000058   Code   RO         5286    i.prvInitialiseTaskLists  tasks.o
    0x08008b4c   0x08008b4c   0x00000054   Code   RO         5994    i.prvInsertBlockIntoFreeList  heap_4.o
    0x08008ba0   0x08008ba0   0x00000024   Code   RO         5287    i.prvResetNextTaskUnblockTime  tasks.o
    0x08008bc4   0x08008bc4   0x00000014   Code   RO         5288    i.prvTaskCheckFreeStackSpace  tasks.o
    0x08008bd8   0x08008bd8   0x0000002c   Code   RO         6062    i.prvTaskExitError  port.o
    0x08008c04   0x08008c04   0x000000dc   Code   RO         5995    i.pvPortMalloc      heap_4.o
    0x08008ce0   0x08008ce0   0x00000024   Code   RO         6063    i.pxPortInitialiseStack  port.o
    0x08008d04   0x08008d04   0x00000144   Code   RO         1366    i.remote_control_chassis_init  chassis_task.o
    0x08008e48   0x08008e48   0x00000010   Code   RO         1189    i.remote_control_init  remote_task.o
    0x08008e58   0x08008e58   0x00000014   Code   RO         1190    i.remote_task       remote_task.o
    0x08008e6c   0x08008e6c   0x000000b4   Code   RO         1191    i.sbus_to_rc        remote_task.o
    0x08008f20   0x08008f20   0x00000006   Code   RO         1192    i.slove_RC_lost     remote_task.o
    0x08008f26   0x08008f26   0x00000006   Code   RO         1193    i.slove_data_error  remote_task.o
    0x08008f2c   0x08008f2c   0x0000006e   Code   RO         6209    i.sqrt              m_wm.l(sqrt.o)
    0x08008f9a   0x08008f9a   0x00000002   PAD
    0x08008f9c   0x08008f9c   0x000000d8   Code   RO          653    i.start_task        freertos.o
    0x08009074   0x08009074   0x00000018   Code   RO         1280    i.toe_is_error      detect_task.o
    0x0800908c   0x0800908c   0x00000018   Code   RO          226    i.uwb_data_init     can_recive.o
    0x080090a4   0x080090a4   0x00000026   Code   RO         4906    i.uxListRemove      list.o
    0x080090ca   0x080090ca   0x00000002   PAD
    0x080090cc   0x080090cc   0x00000014   Code   RO         5294    i.uxTaskGetStackHighWaterMark  tasks.o
    0x080090e0   0x080090e0   0x00000014   Code   RO          654    i.vApplicationGetIdleTaskMemory  freertos.o
    0x080090f4   0x080090f4   0x00000016   Code   RO         4907    i.vListInitialise   list.o
    0x0800910a   0x0800910a   0x00000006   Code   RO         4908    i.vListInitialiseItem  list.o
    0x08009110   0x08009110   0x00000030   Code   RO         4909    i.vListInsert       list.o
    0x08009140   0x08009140   0x00000018   Code   RO         4910    i.vListInsertEnd    list.o
    0x08009158   0x08009158   0x00000040   Code   RO         6065    i.vPortEnterCritical  port.o
    0x08009198   0x08009198   0x0000002c   Code   RO         6066    i.vPortExitCritical  port.o
    0x080091c4   0x080091c4   0x00000064   Code   RO         5996    i.vPortFree         heap_4.o
    0x08009228   0x08009228   0x00000024   Code   RO         6067    i.vPortSetupTimerInterrupt  port.o
    0x0800924c   0x0800924c   0x00000050   Code   RO         5298    i.vTaskDelay        tasks.o
    0x0800929c   0x0800929c   0x000000ac   Code   RO         5300    i.vTaskDelete       tasks.o
    0x08009348   0x08009348   0x00000088   Code   RO         5312    i.vTaskStartScheduler  tasks.o
    0x080093d0   0x080093d0   0x00000010   Code   RO         5314    i.vTaskSuspendAll   tasks.o
    0x080093e0   0x080093e0   0x00000060   Code   RO         5315    i.vTaskSwitchContext  tasks.o
    0x08009440   0x08009440   0x000000f4   Code   RO         6069    i.xPortStartScheduler  port.o
    0x08009534   0x08009534   0x00000064   Code   RO         5318    i.xTaskCreate       tasks.o
    0x08009598   0x08009598   0x0000005c   Code   RO         5319    i.xTaskCreateStatic  tasks.o
    0x080095f4   0x080095f4   0x0000000c   Code   RO         5324    i.xTaskGetTickCount  tasks.o
    0x08009600   0x08009600   0x000000d0   Code   RO         5326    i.xTaskIncrementTick  tasks.o
    0x080096d0   0x080096d0   0x000000cc   Code   RO         5332    i.xTaskResumeAll    tasks.o
    0x0800979c   0x0800979c   0x00000014   Data   RO          432    .constdata          bsp_imu.o
    0x080097b0   0x080097b0   0x0000001c   Data   RO          656    .constdata          freertos.o
    0x080097cc   0x080097cc   0x00000010   Data   RO         1149    .constdata          system_stm32f4xx.o
    0x080097dc   0x080097dc   0x00000008   Data   RO         1150    .constdata          system_stm32f4xx.o
    0x080097e4   0x080097e4   0x00000006   Data   RO         1282    .constdata          detect_task.o
    0x080097ea   0x080097ea   0x00000002   PAD
    0x080097ec   0x080097ec   0x0000000c   Data   RO         1368    .constdata          chassis_task.o
    0x080097f8   0x080097f8   0x00000008   Data   RO         2444    .constdata          stm32f4xx_hal_dma.o
    0x08009800   0x08009800   0x00000050   Data   RO         6140    .constdata          m_wm.l(asin.o)
    0x08009850   0x08009850   0x00000088   Data   RO         6184    .constdata          m_wm.l(pow.o)
    0x080098d8   0x080098d8   0x00000098   Data   RO         6514    .constdata          m_wm.l(atan.o)
    0x08009970   0x08009970   0x00000030   Data   RO         6526    .constdata          m_wm.l(cos_i.o)
    0x080099a0   0x080099a0   0x00000008   Data   RO         6546    .constdata          m_wm.l(qnan.o)
    0x080099a8   0x080099a8   0x000000c8   Data   RO         6549    .constdata          m_wm.l(rred.o)
    0x08009a70   0x08009a70   0x00000028   Data   RO         6553    .constdata          m_wm.l(sin_i.o)
    0x08009a98   0x08009a98   0x0000000b   Data   RO          657    .conststring        freertos.o
    0x08009aa3   0x08009aa3   0x00000001   PAD
    0x08009aa4   0x08009aa4   0x00000020   Data   RO         6606    Region$$Table       anon$$obj.o


    Execution Region RW_IRAM1 (Exec base: 0x20000000, Load base: 0x08009ac4, Size: 0x00005920, Max: 0x00030000, ABSOLUTE, COMPRESSED[0x00000030])

    Exec Addr    Load Addr    Size         Type   Attr      Idx    E Section Name        Object

    0x20000000   COMPRESSED   0x00000046   Data   RW          229    .data               can_recive.o
    0x20000046   COMPRESSED   0x00000002   PAD
    0x20000048   COMPRESSED   0x00000060   Data   RW          433    .data               bsp_imu.o
    0x200000a8   COMPRESSED   0x0000001c   Data   RW          658    .data               freertos.o
    0x200000c4   COMPRESSED   0x00000004   Data   RW          712    .data               can.o
    0x200000c8   COMPRESSED   0x00000004   Data   RW         1151    .data               system_stm32f4xx.o
    0x200000cc   COMPRESSED   0x00000002   Data   RW         1195    .data               remote_task.o
    0x200000ce   COMPRESSED   0x00000002   PAD
    0x200000d0   COMPRESSED   0x0000000c   Data   RW         1283    .data               detect_task.o
    0x200000dc   COMPRESSED   0x00000028   Data   RW         1369    .data               chassis_task.o
    0x20000104   COMPRESSED   0x0000000c   Data   RW         2891    .data               stm32f4xx_hal.o
    0x20000110   COMPRESSED   0x0000003c   Data   RW         5335    .data               tasks.o
    0x2000014c   COMPRESSED   0x00000020   Data   RW         6002    .data               heap_4.o
    0x2000016c   COMPRESSED   0x0000000c   Data   RW         6070    .data               port.o
    0x20000178   COMPRESSED   0x00000004   Data   RW         6583    .data               mc_w.l(errno.o)
    0x2000017c        -       0x000000a2   Zero   RW          228    .bss                can_recive.o
    0x2000021e   COMPRESSED   0x00000002   PAD
    0x20000220        -       0x00000062   Zero   RW          431    .bss                bsp_imu.o
    0x20000282   COMPRESSED   0x00000002   PAD
    0x20000284        -       0x00000254   Zero   RW          655    .bss                freertos.o
    0x200004d8        -       0x00000050   Zero   RW          711    .bss                can.o
    0x20000528        -       0x00000058   Zero   RW          783    .bss                spi.o
    0x20000580        -       0x00000120   Zero   RW          829    .bss                tim.o
    0x200006a0        -       0x00000290   Zero   RW          894    .bss                usart.o
    0x20000930        -       0x00000048   Zero   RW         1111    .bss                stm32f4xx_hal_timebase_tim.o
    0x20000978        -       0x0000005e   Zero   RW         1194    .bss                remote_task.o
    0x200009d6        -       0x00000048   Zero   RW         1281    .bss                detect_task.o
    0x20000a1e   COMPRESSED   0x00000002   PAD
    0x20000a20        -       0x00000640   Zero   RW         1367    .bss                chassis_task.o
    0x20001060        -       0x000007d0   Zero   RW         1557    .bss                base_usart.o
    0x20001830        -       0x000000f0   Zero   RW         5334    .bss                tasks.o
    0x20001920        -       0x00003c00   Zero   RW         6001    .bss                heap_4.o
    0x20005520        -       0x00000400   Zero   RW            1    STACK               startup_stm32f427xx.o


==============================================================================

Image component sizes


      Code (inc. data)   RO Data    RW Data    ZI Data      Debug   Object Name

        80         18          0          0       2000       1938   base_usart.o
      3500        222         20         96         98      17244   bsp_imu.o
       168         22          0          0          0     760323   bsp_rc.o
       424         40          0          4         80       2506   can.o
      1220        124          0         70        162      43834   can_recive.o
      3206        210         12         40       1600      13108   chassis_task.o
       126          0          0          0          0      22963   cmsis_os.o
       532         44          6         12         72       3150   detect_task.o
       108          4          0          0          0        818   dma.o
         0          0          0          0          0      16828   event_groups.o
       126          0          0          0          0       2226   filter.o
       278         84         39         28        596       3842   freertos.o
       188          8          0          0          0       1083   gpio.o
       480         26          0         32      15360       7507   heap_4.o
        20          0          0          0          0        487   imu_task.o
        56          4          0          0          0        607   led_flow_task.o
       138          0          0          0          0       3534   list.o
       280         22          0          0          0       5835   main.o
      1168         32          0          0          0       4585   pid.o
       702         74          0         12          0      10992   port.o
       562         46          0          2         94       8772   remote_task.o
       180         24          0          0         88       1669   spi.o
        36          8        428          0       1024        828   startup_stm32f427xx.o
       116         18          0         12          0       8818   stm32f4xx_hal.o
      1770          6          0          0          0      14527   stm32f4xx_hal_can.o
       158         14          0          0          0      33214   stm32f4xx_hal_cortex.o
      1170         14          8          0          0       7454   stm32f4xx_hal_dma.o
       506         52          0          0          0       2300   stm32f4xx_hal_gpio.o
        56          4          0          0          0        842   stm32f4xx_hal_msp.o
      1536         88          0          0          0       6933   stm32f4xx_hal_rcc.o
       954         14          0          0          0       4705   stm32f4xx_hal_spi.o
      2084        140          0          0          0      16784   stm32f4xx_hal_tim.o
       232         30          0          0          0       3341   stm32f4xx_hal_tim_ex.o
       152         20          0          0         72       1539   stm32f4xx_hal_timebase_tim.o
      1864         30          0          0          0      14635   stm32f4xx_hal_uart.o
       176         76          0          0          0       8863   stm32f4xx_it.o
         0          0          0          0          0        392   stream_buffer.o
        16          4         24          4          0       1111   system_stm32f4xx.o
      1860        146          0         60        240      23405   tasks.o
      1040         70          0          0        288       4887   tim.o
       856         86          0          0        656       4126   usart.o

    ----------------------------------------------------------------------
     28176       1824        572        376      22436    1092555   Object Totals
         0          0         32          0          0          0   (incl. Generated)
        52          0          3          4          6          0   (incl. Padding)

    ----------------------------------------------------------------------

      Code (inc. data)   RO Data    RW Data    ZI Data      Debug   Library Member Name

       864         94         80          0          0        280   asin.o
       744        106        152          0          0        352   atan.o
       496         64          0          0          0        192   atan2.o
       200         20          0          0          0        164   cos.o
       368         46         48          0          0        200   cos_i.o
       184         44          0          0          0        744   dunder.o
        44          0          0          0          0        248   fabs.o
        48          0          0          0          0        124   fpclassify.o
       248          0          0          0          0        152   poly.o
      3152        296        136          0          0        352   pow.o
         0          0          8          0          0          0   qnan.o
      1080        142        200          0          0        188   rred.o
       200         20          0          0          0        164   sin.o
       304         24         40          0          0        208   sin_i.o
       232          0          0          0          0        296   sqrt.o
        58          0          0          0          0          0   __dczerorl.o
         0          0          0          0          0          0   entry.o
         0          0          0          0          0          0   entry10a.o
         0          0          0          0          0          0   entry11a.o
         8          4          0          0          0          0   entry2.o
         4          0          0          0          0          0   entry5.o
         0          0          0          0          0          0   entry7b.o
         0          0          0          0          0          0   entry8b.o
         8          4          0          0          0          0   entry9a.o
        12          6          0          4          0         68   errno.o
        30          0          0          0          0          0   handlers.o
        36          8          0          0          0         68   init.o
         0          0          0          0          0          0   iusefp.o
        30          0          0          0          0         68   llshl.o
        36          0          0          0          0         68   llsshr.o
        32          0          0          0          0         68   llushr.o
        36          0          0          0          0         68   memcpya.o
        36          0          0          0          0        108   memseta.o
        98          0          0          0          0         92   uldiv.o
        48          0          0          0          0         68   cdcmple.o
        48          0          0          0          0         68   cdrcmple.o
        56          0          0          0          0         88   d2f.o
       334          0          0          0          0        148   dadd.o
       222          0          0          0          0        100   ddiv.o
       186          0          0          0          0        176   depilogue.o
        62          0          0          0          0         80   dfixi.o
        34          0          0          0          0         76   dflti.o
        26          0          0          0          0         76   dfltui.o
       228          0          0          0          0         96   dmul.o
        46          0          0          0          0         80   dscalb.o
       162          0          0          0          0        100   dsqrt.o
        38          0          0          0          0         68   f2d.o
       110          0          0          0          0        168   fepilogue.o

    ----------------------------------------------------------------------
     10208        878        664          4          0       5664   Library Totals
        20          0          0          0          0          0   (incl. Padding)

    ----------------------------------------------------------------------

      Code (inc. data)   RO Data    RW Data    ZI Data      Debug   Library Name

      8164        856        664          0          0       3664   m_wm.l
       424         22          0          4          0        608   mc_w.l
      1600          0          0          0          0       1392   mf_w.l

    ----------------------------------------------------------------------
     10208        878        664          4          0       5664   Library Totals

    ----------------------------------------------------------------------

==============================================================================


      Code (inc. data)   RO Data    RW Data    ZI Data      Debug   

     38384       2702       1236        380      22436    1071415   Grand Totals
     38384       2702       1236         48      22436    1071415   ELF Image Totals (compressed)
     38384       2702       1236         48          0          0   ROM Totals

==============================================================================

    Total RO  Size (Code + RO Data)                39620 (  38.69kB)
    Total RW  Size (RW Data + ZI Data)             22816 (  22.28kB)
    Total ROM Size (Code + RO Data + RW Data)      39668 (  38.74kB)

==============================================================================

